Archive member included to satisfy reference by file (symbol)

c:/vsarm/armcc/10 2021.10/bin/../lib/gcc/arm-none-eabi/10.3.1/thumb/v6-m/nofp\libgcc.a(_dvmd_tls.o)
                              CMakeFiles/RobotController.dir/C_/VSARM/sdk/pico/pico-sdk/src/rp2_common/pico_divider/divider_hardware.S.obj (__aeabi_idiv0)
c:/vsarm/armcc/10 2021.10/bin/../lib/gcc/arm-none-eabi/10.3.1/../../../../arm-none-eabi/lib/thumb/v6-m/nofp\libg.a(lib_a-calloc.o)
                              CMakeFiles/RobotController.dir/C_/VSARM/sdk/pico/pico-sdk/src/rp2_common/pico_malloc/malloc.c.obj (calloc)
c:/vsarm/armcc/10 2021.10/bin/../lib/gcc/arm-none-eabi/10.3.1/../../../../arm-none-eabi/lib/thumb/v6-m/nofp\libg.a(lib_a-callocr.o)
                              c:/vsarm/armcc/10 2021.10/bin/../lib/gcc/arm-none-eabi/10.3.1/../../../../arm-none-eabi/lib/thumb/v6-m/nofp\libg.a(lib_a-calloc.o) (_calloc_r)
c:/vsarm/armcc/10 2021.10/bin/../lib/gcc/arm-none-eabi/10.3.1/../../../../arm-none-eabi/lib/thumb/v6-m/nofp\libg.a(lib_a-errno.o)
                              c:/vsarm/armcc/10 2021.10/bin/../lib/gcc/arm-none-eabi/10.3.1/../../../../arm-none-eabi/lib/thumb/v6-m/nofp\libg.a(lib_a-callocr.o) (__errno)
c:/vsarm/armcc/10 2021.10/bin/../lib/gcc/arm-none-eabi/10.3.1/../../../../arm-none-eabi/lib/thumb/v6-m/nofp\libg.a(lib_a-impure.o)
                              c:/vsarm/armcc/10 2021.10/bin/../lib/gcc/arm-none-eabi/10.3.1/../../../../arm-none-eabi/lib/thumb/v6-m/nofp\libg.a(lib_a-calloc.o) (_impure_ptr)
c:/vsarm/armcc/10 2021.10/bin/../lib/gcc/arm-none-eabi/10.3.1/../../../../arm-none-eabi/lib/thumb/v6-m/nofp\libg.a(lib_a-init.o)
                              c:/vsarm/armcc/10 2021.10/bin/../lib/gcc/arm-none-eabi/10.3.1/../../../../arm-none-eabi/lib/thumb/v6-m/nofp/crt0.o (__libc_init_array)
c:/vsarm/armcc/10 2021.10/bin/../lib/gcc/arm-none-eabi/10.3.1/../../../../arm-none-eabi/lib/thumb/v6-m/nofp\libg.a(lib_a-lcltime_r.o)
                              CMakeFiles/RobotController.dir/C_/VSARM/sdk/pico/pico-sdk/src/common/pico_util/datetime.c.obj (localtime_r)
c:/vsarm/armcc/10 2021.10/bin/../lib/gcc/arm-none-eabi/10.3.1/../../../../arm-none-eabi/lib/thumb/v6-m/nofp\libg.a(lib_a-malloc.o)
                              CMakeFiles/RobotController.dir/C_/VSARM/sdk/pico/pico-sdk/src/rp2_common/pico_malloc/malloc.c.obj (malloc)
c:/vsarm/armcc/10 2021.10/bin/../lib/gcc/arm-none-eabi/10.3.1/../../../../arm-none-eabi/lib/thumb/v6-m/nofp\libg.a(lib_a-mallocr.o)
                              c:/vsarm/armcc/10 2021.10/bin/../lib/gcc/arm-none-eabi/10.3.1/../../../../arm-none-eabi/lib/thumb/v6-m/nofp\libg.a(lib_a-callocr.o) (_malloc_r)
c:/vsarm/armcc/10 2021.10/bin/../lib/gcc/arm-none-eabi/10.3.1/../../../../arm-none-eabi/lib/thumb/v6-m/nofp\libg.a(lib_a-memcmp.o)
                              CMakeFiles/RobotController.dir/C_/VSARM/sdk/pico/pico-sdk/src/rp2_common/pico_atomic/atomic.c.obj (memcmp)
c:/vsarm/armcc/10 2021.10/bin/../lib/gcc/arm-none-eabi/10.3.1/../../../../arm-none-eabi/lib/thumb/v6-m/nofp\libg.a(lib_a-mktime.o)
                              CMakeFiles/RobotController.dir/C_/VSARM/sdk/pico/pico-sdk/src/common/pico_util/datetime.c.obj (mktime)
c:/vsarm/armcc/10 2021.10/bin/../lib/gcc/arm-none-eabi/10.3.1/../../../../arm-none-eabi/lib/thumb/v6-m/nofp\libg.a(lib_a-mlock.o)
                              c:/vsarm/armcc/10 2021.10/bin/../lib/gcc/arm-none-eabi/10.3.1/../../../../arm-none-eabi/lib/thumb/v6-m/nofp\libg.a(lib_a-mallocr.o) (__malloc_lock)
c:/vsarm/armcc/10 2021.10/bin/../lib/gcc/arm-none-eabi/10.3.1/../../../../arm-none-eabi/lib/thumb/v6-m/nofp\libg.a(lib_a-month_lengths.o)
                              c:/vsarm/armcc/10 2021.10/bin/../lib/gcc/arm-none-eabi/10.3.1/../../../../arm-none-eabi/lib/thumb/v6-m/nofp\libg.a(lib_a-lcltime_r.o) (__month_lengths)
c:/vsarm/armcc/10 2021.10/bin/../lib/gcc/arm-none-eabi/10.3.1/../../../../arm-none-eabi/lib/thumb/v6-m/nofp\libg.a(lib_a-realloc.o)
                              CMakeFiles/RobotController.dir/C_/VSARM/sdk/pico/pico-sdk/src/rp2_common/pico_malloc/malloc.c.obj (realloc)
c:/vsarm/armcc/10 2021.10/bin/../lib/gcc/arm-none-eabi/10.3.1/../../../../arm-none-eabi/lib/thumb/v6-m/nofp\libg.a(lib_a-reallocr.o)
                              c:/vsarm/armcc/10 2021.10/bin/../lib/gcc/arm-none-eabi/10.3.1/../../../../arm-none-eabi/lib/thumb/v6-m/nofp\libg.a(lib_a-realloc.o) (_realloc_r)
c:/vsarm/armcc/10 2021.10/bin/../lib/gcc/arm-none-eabi/10.3.1/../../../../arm-none-eabi/lib/thumb/v6-m/nofp\libg.a(lib_a-sbrkr.o)
                              c:/vsarm/armcc/10 2021.10/bin/../lib/gcc/arm-none-eabi/10.3.1/../../../../arm-none-eabi/lib/thumb/v6-m/nofp\libg.a(lib_a-mallocr.o) (_sbrk_r)
c:/vsarm/armcc/10 2021.10/bin/../lib/gcc/arm-none-eabi/10.3.1/../../../../arm-none-eabi/lib/thumb/v6-m/nofp\libg.a(lib_a-strlen-stub.o)
                              CMakeFiles/RobotController.dir/C_/VSARM/sdk/pico/pico-sdk/src/rp2_common/pico_stdio/stdio.c.obj (strlen)
[...]
Memory Configuration

Name             Origin             Length             Attributes
FLASH            0x10000000         0x00200000         xr
RAM              0x20000000         0x00040000         xrw
SCRATCH_X        0x20040000         0x00001000         xrw
SCRATCH_Y        0x20041000         0x00001000         xrw
*default*        0x00000000         0xffffffff

Linker script and memory map

LOAD c:/vsarm/armcc/10 2021.10/bin/../lib/gcc/arm-none-eabi/10.3.1/thumb/v6-m/nofp/crti.o
LOAD c:/vsarm/armcc/10 2021.10/bin/../lib/gcc/arm-none-eabi/10.3.1/thumb/v6-m/nofp/crtbegin.o
LOAD c:/vsarm/armcc/10 2021.10/bin/../lib/gcc/arm-none-eabi/10.3.1/../../../../arm-none-eabi/lib/thumb/v6-m/nofp/crt0.o

.flash_begin    0x10000000        0x0
                0x10000000                __flash_binary_start = .

.boot2          0x10000000      0x100
                0x10000000                __boot2_start__ = .
 *(.boot2)
 .boot2         0x10000000      0x100 C:\Users\youss\AppData\Local\Temp\ccyFSGiJ.o
                0x10000100                __boot2_end__ = .
                0x00000001                ASSERT (((__boot2_end__ - __boot2_start__) == 0x100), ERROR: Pico second stage bootloader must be 256 bytes in size)

.text           0x10000100     0x6fec
                0x10000100                __logical_binary_start = .
 *(.vectors)
 .vectors       0x10000100       0xd4 CMakeFiles/RobotController.dir/C_/VSARM/sdk/pico/pico-sdk/src/rp2_common/pico_crt0/crt0.S.obj
                0x10000100                __VECTOR_TABLE
                0x10000100                __vectors
                0x100001c0                isr_invalid
                0x100001c0                __default_isrs_start
                0x100001c2                isr_nmi
                0x100001c4                isr_hardfault
                0x100001c6                isr_svcall
                0x100001c8                isr_pendsv
                0x100001ca                isr_systick
                0x100001cc                isr_irq23
                0x100001cc                isr_irq18
                0x100001cc                isr_irq11
                0x100001cc                isr_irq28
                0x100001cc                isr_irq19
                0x100001cc                isr_irq0
                0x100001cc                isr_irq6
                0x100001cc                isr_irq5
                0x100001cc                isr_irq12
                0x100001cc                isr_irq22
                0x100001cc                isr_irq31
                0x100001cc                isr_irq17
                0x100001cc                isr_irq27
                0x100001cc                isr_irq30
                0x100001cc                isr_irq2
                0x100001cc                isr_irq10
                0x100001cc                isr_irq8
                0x100001cc                isr_irq24
                0x100001cc                isr_irq1
                0x100001cc                isr_irq7
                0x100001cc                isr_irq21
                0x100001cc                isr_irq20
                0x100001cc                isr_irq15
                0x100001cc                isr_irq25
                0x100001cc                isr_irq13
                0x100001cc                __unhandled_user_irq
                0x100001cc                isr_irq4
                0x100001cc                isr_irq16
                0x100001cc                isr_irq29
                0x100001cc                isr_irq26
                0x100001cc                __default_isrs_end
                0x100001cc                isr_irq3
                0x100001cc                isr_irq14
                0x100001cc                isr_irq9
                0x100001d2                unhandled_user_irq_num_in_r0
 *(.binary_info_header)
 .binary_info_header
                0x100001d4       0x14 CMakeFiles/RobotController.dir/C_/VSARM/sdk/pico/pico-sdk/src/rp2_common/pico_crt0/crt0.S.obj
                0x100001e8                __binary_info_header_end = .
 *(.embedded_block)
                0x100001e8                __embedded_block_end = .
 *(.reset)
 .reset         0x100001e8       0x9c CMakeFiles/RobotController.dir/C_/VSARM/sdk/pico/pico-sdk/src/rp2_common/pico_crt0/crt0.S.obj
                0x100001e8                _entry_point
 *(.init)
 .init          0x10000284        0x4 c:/vsarm/armcc/10 2021.10/bin/../lib/gcc/arm-none-eabi/10.3.1/thumb/v6-m/nofp/crti.o
                0x10000284                _init
 *(EXCLUDE_FILE(*libm.a: *libc.a:*lib_a-mem*.o *libgcc.a:) .text*)
 .text          0x10000288       0x48 c:/vsarm/armcc/10 2021.10/bin/../lib/gcc/arm-none-eabi/10.3.1/thumb/v6-m/nofp/crtbegin.o
 .text.lcd_init
                0x100002d0       0xb4 CMakeFiles/RobotController.dir/main.c.obj
                0x100002d0                lcd_init
 .text.lcd_print
                0x10000384       0x40 CMakeFiles/RobotController.dir/main.c.obj
                0x10000384                lcd_print
 .text.startup.main
                0x100003c4      0x2dc CMakeFiles/RobotController.dir/main.c.obj
                0x100003c4                main
 .text.motor_driver_init
                0x100006a0       0x74 CMakeFiles/RobotController.dir/motor_driver.c.obj
                0x100006a0                motor_driver_init
 .text.move_forward
                0x10000714       0x44 CMakeFiles/RobotController.dir/motor_driver.c.obj
                0x10000714                move_forward
 .text.move_right
                0x10000758       0x40 CMakeFiles/RobotController.dir/motor_driver.c.obj
                0x10000758                move_right
 .text.move_left
                0x10000798       0x40 CMakeFiles/RobotController.dir/motor_driver.c.obj
                0x10000798                move_left
 .text.stop_motors
                0x100007d8       0x3c CMakeFiles/RobotController.dir/motor_driver.c.obj
                0x100007d8                stop_motors
 .text.ultrasonic_sensor_init
                0x10000814       0x24 CMakeFiles/RobotController.dir/ultrasonic_sensor.c.obj
                0x10000814                ultrasonic_sensor_init
 .text.read_distance
                0x10000838       0x50 CMakeFiles/RobotController.dir/ultrasonic_sensor.c.obj
                0x10000838                read_distance
 .text.calculate_speed
                0x10000888       0x28 CMakeFiles/RobotController.dir/ultrasonic_sensor.c.obj
                0x10000888                calculate_speed
 .text.ir_sensor_init
                0x100008b0       0x3c CMakeFiles/RobotController.dir/ir_sensor.c.obj
                0x100008b0                ir_sensor_init
 .text.read_right_ir
                0x100008ec       0x30 CMakeFiles/RobotController.dir/ir_sensor.c.obj
                0x100008ec                read_right_ir
 .text.read_left_ir
                0x1000091c       0x34 CMakeFiles/RobotController.dir/ir_sensor.c.obj
                0x1000091c                read_left_ir
 .text.led_init
                0x10000950       0x14 CMakeFiles/RobotController.dir/led_driver.c.obj
                0x10000950                led_init
 .text.set_led_on
                0x10000964        0xc CMakeFiles/RobotController.dir/led_driver.c.obj
                0x10000964                set_led_on
 .text.set_led_off
                0x10000970        0xc CMakeFiles/RobotController.dir/led_driver.c.obj
                0x10000970                set_led_off
 .text.gpio_set_function
                0x1000097c       0x34 CMakeFiles/RobotController.dir/C_/VSARM/sdk/pico/pico-sdk/src/rp2_common/hardware_gpio/gpio.c.obj
                0x1000097c                gpio_set_function
 .text.gpio_set_pulls
                0x100009b0       0x34 CMakeFiles/RobotController.dir/C_/VSARM/sdk/pico/pico-sdk/src/rp2_common/hardware_gpio/gpio.c.obj
                0x100009b0                gpio_set_pulls
 .text.gpio_set_input_enabled
                0x100009e4       0x28 CMakeFiles/RobotController.dir/C_/VSARM/sdk/pico/pico-sdk/src/rp2_common/hardware_gpio/gpio.c.obj
                0x100009e4                gpio_set_input_enabled
 .text.gpio_init
                0x10000a0c       0x40 CMakeFiles/RobotController.dir/C_/VSARM/sdk/pico/pico-sdk/src/rp2_common/hardware_gpio/gpio.c.obj
                0x10000a0c                gpio_init
 .text.rp2040_chip_version
                0x10000a4c        0xc CMakeFiles/RobotController.dir/C_/VSARM/sdk/pico/pico-sdk/src/rp2040/pico_platform/platform.c.obj
                0x10000a4c                rp2040_chip_version
 .text.panic    0x10000a58       0x30 CMakeFiles/RobotController.dir/C_/VSARM/sdk/pico/pico-sdk/src/rp2_common/pico_platform_panic/panic.c.obj
                0x10000a58                panic
 .text.hw_claim_or_assert
                0x10000a88       0x44 CMakeFiles/RobotController.dir/C_/VSARM/sdk/pico/pico-sdk/src/common/hardware_claim/claim.c.obj
                0x10000a88                hw_claim_or_assert
 .text.hw_claim_unused_from_range
                0x10000acc       0x9c CMakeFiles/RobotController.dir/C_/VSARM/sdk/pico/pico-sdk/src/common/hardware_claim/claim.c.obj
                0x10000acc                hw_claim_unused_from_range
 .text.next_striped_spin_lock_num
                0x10000b68       0x18 CMakeFiles/RobotController.dir/C_/VSARM/sdk/pico/pico-sdk/src/rp2_common/hardware_sync/sync.c.obj
                0x10000b68                next_striped_spin_lock_num
 .text.spin_lock_claim_unused
                0x10000b80       0x20 CMakeFiles/RobotController.dir/C_/VSARM/sdk/pico/pico-sdk/src/rp2_common/hardware_sync/sync.c.obj
                0x10000b80                spin_lock_claim_unused
 .text.spin_locks_reset
                0x10000ba0       0x1c CMakeFiles/RobotController.dir/C_/VSARM/sdk/pico/pico-sdk/src/rp2_common/hardware_sync_spin_lock/sync_spin_lock.c.obj
                0x10000ba0                spin_locks_reset
 .text.runtime_init_per_core_irq_priorities
                0x10000bbc       0x24 CMakeFiles/RobotController.dir/C_/VSARM/sdk/pico/pico-sdk/src/rp2_common/hardware_irq/irq.c.obj
                0x10000bbc                runtime_init_per_core_irq_priorities
 .text.irq_set_enabled
                0x10000be0       0x24 CMakeFiles/RobotController.dir/C_/VSARM/sdk/pico/pico-sdk/src/rp2_common/hardware_irq/irq.c.obj
                0x10000be0                irq_set_enabled
 .text.irq_is_enabled
                0x10000c04       0x18 CMakeFiles/RobotController.dir/C_/VSARM/sdk/pico/pico-sdk/src/rp2_common/hardware_irq/irq.c.obj
                0x10000c04                irq_is_enabled
 .text.irq_set_pending
                0x10000c1c       0x10 CMakeFiles/RobotController.dir/C_/VSARM/sdk/pico/pico-sdk/src/rp2_common/hardware_irq/irq.c.obj
                0x10000c1c                irq_set_pending
 .text.irq_has_shared_handler
                0x10000c2c       0x2c CMakeFiles/RobotController.dir/C_/VSARM/sdk/pico/pico-sdk/src/rp2_common/hardware_irq/irq.c.obj
                0x10000c2c                irq_has_shared_handler
 .text.irq_set_exclusive_handler
                0x10000c58       0x54 CMakeFiles/RobotController.dir/C_/VSARM/sdk/pico/pico-sdk/src/rp2_common/hardware_irq/irq.c.obj
                0x10000c58                irq_set_exclusive_handler
 .text.irq_add_shared_handler
                0x10000cac      0x1e8 CMakeFiles/RobotController.dir/C_/VSARM/sdk/pico/pico-sdk/src/rp2_common/hardware_irq/irq.c.obj
                0x10000cac                irq_add_shared_handler
 .text.irq_add_tail_to_free_list
                0x10000e94       0xb4 CMakeFiles/RobotController.dir/C_/VSARM/sdk/pico/pico-sdk/src/rp2_common/hardware_irq/irq.c.obj
                0x10000e94                irq_add_tail_to_free_list
 .text.user_irq_claim_unused
                0x10000f48       0x28 CMakeFiles/RobotController.dir/C_/VSARM/sdk/pico/pico-sdk/src/rp2_common/hardware_irq/irq.c.obj
                0x10000f48                user_irq_claim_unused
 .text.lock_init
                0x10000f70       0x10 CMakeFiles/RobotController.dir/C_/VSARM/sdk/pico/pico-sdk/src/common/pico_sync/lock_core.c.obj
                0x10000f70                lock_init
 .text.runtime_init_mutex
                0x10000f80       0x58 CMakeFiles/RobotController.dir/C_/VSARM/sdk/pico/pico-sdk/src/common/pico_sync/mutex.c.obj
                0x10000f80                runtime_init_mutex
 .text.mutex_init
                0x10000fd8       0x1c CMakeFiles/RobotController.dir/C_/VSARM/sdk/pico/pico-sdk/src/common/pico_sync/mutex.c.obj
                0x10000fd8                mutex_init
 .text.critical_section_init
                0x10000ff4       0x20 CMakeFiles/RobotController.dir/C_/VSARM/sdk/pico/pico-sdk/src/common/pico_sync/critical_section.c.obj
                0x10000ff4                critical_section_init
 .text.critical_section_init_with_lock_num
                0x10001014       0x14 CMakeFiles/RobotController.dir/C_/VSARM/sdk/pico/pico-sdk/src/common/pico_sync/critical_section.c.obj
                0x10001014                critical_section_init_with_lock_num
 .text.sleep_until_callback
                0x10001028       0x30 CMakeFiles/RobotController.dir/C_/VSARM/sdk/pico/pico-sdk/src/common/pico_time/time.c.obj
 .text.alarm_pool_irq_handler
                0x10001058      0x2e4 CMakeFiles/RobotController.dir/C_/VSARM/sdk/pico/pico-sdk/src/common/pico_time/time.c.obj
 .text.runtime_init_default_alarm_pool
                0x1000133c       0xdc CMakeFiles/RobotController.dir/C_/VSARM/sdk/pico/pico-sdk/src/common/pico_time/time.c.obj
                0x1000133c                runtime_init_default_alarm_pool
 .text.alarm_pool_get_default
                0x10001418        0x8 CMakeFiles/RobotController.dir/C_/VSARM/sdk/pico/pico-sdk/src/common/pico_time/time.c.obj
                0x10001418                alarm_pool_get_default
 .text.alarm_pool_add_alarm_at
                0x10001420       0xc8 CMakeFiles/RobotController.dir/C_/VSARM/sdk/pico/pico-sdk/src/common/pico_time/time.c.obj
                0x10001420                alarm_pool_add_alarm_at
 .text.alarm_pool_add_alarm_at_force_in_context
                0x100014e8       0xb0 CMakeFiles/RobotController.dir/C_/VSARM/sdk/pico/pico-sdk/src/common/pico_time/time.c.obj
                0x100014e8                alarm_pool_add_alarm_at_force_in_context
 .text.alarm_pool_cancel_alarm
                0x10001598       0x7c CMakeFiles/RobotController.dir/C_/VSARM/sdk/pico/pico-sdk/src/common/pico_time/time.c.obj
                0x10001598                alarm_pool_cancel_alarm
 .text.alarm_pool_core_num
                0x10001614        0x4 CMakeFiles/RobotController.dir/C_/VSARM/sdk/pico/pico-sdk/src/common/pico_time/time.c.obj
                0x10001614                alarm_pool_core_num
 .text.sleep_until
                0x10001618       0xd0 CMakeFiles/RobotController.dir/C_/VSARM/sdk/pico/pico-sdk/src/common/pico_time/time.c.obj
                0x10001618                sleep_until
 .text.sleep_us
                0x100016e8       0x24 CMakeFiles/RobotController.dir/C_/VSARM/sdk/pico/pico-sdk/src/common/pico_time/time.c.obj
                0x100016e8                sleep_us
 .text.sleep_ms
                0x1000170c       0x34 CMakeFiles/RobotController.dir/C_/VSARM/sdk/pico/pico-sdk/src/common/pico_time/time.c.obj
                0x1000170c                sleep_ms
 .text.best_effort_wfe_or_timeout
                0x10001740      0x11c CMakeFiles/RobotController.dir/C_/VSARM/sdk/pico/pico-sdk/src/common/pico_time/time.c.obj
                0x10001740                best_effort_wfe_or_timeout
 .text.timer_hardware_alarm_claim
                0x1000185c       0x14 CMakeFiles/RobotController.dir/C_/VSARM/sdk/pico/pico-sdk/src/rp2_common/hardware_timer/timer.c.obj
                0x1000185c                timer_hardware_alarm_claim
 .text.timer_time_us_64
                0x10001870       0x10 CMakeFiles/RobotController.dir/C_/VSARM/sdk/pico/pico-sdk/src/rp2_common/hardware_timer/timer.c.obj
                0x10001870                timer_time_us_64
 .text.time_us_64
                0x10001880       0x14 CMakeFiles/RobotController.dir/C_/VSARM/sdk/pico/pico-sdk/src/rp2_common/hardware_timer/timer.c.obj
                0x10001880                time_us_64
 .text.busy_wait_until
                0x10001894       0x20 CMakeFiles/RobotController.dir/C_/VSARM/sdk/pico/pico-sdk/src/rp2_common/hardware_timer/timer.c.obj
                0x10001894                busy_wait_until
 .text.clock_configure_int_divider
                0x100018b4       0xf4 CMakeFiles/RobotController.dir/C_/VSARM/sdk/pico/pico-sdk/src/rp2_common/hardware_clocks/clocks.c.obj
                0x100018b4                clock_configure_int_divider
 .text.clock_configure_undivided
                0x100019a8       0xe8 CMakeFiles/RobotController.dir/C_/VSARM/sdk/pico/pico-sdk/src/rp2_common/hardware_clocks/clocks.c.obj
                0x100019a8                clock_configure_undivided
 .text.clock_get_hz
                0x10001a90        0xc CMakeFiles/RobotController.dir/C_/VSARM/sdk/pico/pico-sdk/src/rp2_common/hardware_clocks/clocks.c.obj
                0x10001a90                clock_get_hz
 .text.pll_init
                0x10001a9c       0xa0 CMakeFiles/RobotController.dir/C_/VSARM/sdk/pico/pico-sdk/src/rp2_common/hardware_pll/pll.c.obj
                0x10001a9c                pll_init
 .text.watchdog_reboot
                0x10001b3c       0x98 CMakeFiles/RobotController.dir/C_/VSARM/sdk/pico/pico-sdk/src/rp2_common/hardware_watchdog/watchdog.c.obj
                0x10001b3c                watchdog_reboot
 .text.tick_start
                0x10001bd4       0x10 CMakeFiles/RobotController.dir/C_/VSARM/sdk/pico/pico-sdk/src/rp2_common/hardware_ticks/ticks.c.obj
                0x10001bd4                tick_start
 .text.xosc_init
                0x10001be4       0x28 CMakeFiles/RobotController.dir/C_/VSARM/sdk/pico/pico-sdk/src/rp2_common/hardware_xosc/xosc.c.obj
                0x10001be4                xosc_init
 .text.first_per_core_initializer
                0x10001c0c        0x4 CMakeFiles/RobotController.dir/C_/VSARM/sdk/pico/pico-sdk/src/rp2_common/pico_runtime/runtime.c.obj
 .text.hard_assertion_failure
                0x10001c10        0xc CMakeFiles/RobotController.dir/C_/VSARM/sdk/pico/pico-sdk/src/rp2_common/pico_runtime/runtime.c.obj
                0x10001c10                hard_assertion_failure
 .text.runtime_run_initializers
                0x10001c1c       0x28 CMakeFiles/RobotController.dir/C_/VSARM/sdk/pico/pico-sdk/src/rp2_common/pico_runtime/runtime.c.obj
                0x10001c1c                runtime_run_initializers
 .text.runtime_init_early_resets
                0x10001c44       0x2c CMakeFiles/RobotController.dir/C_/VSARM/sdk/pico/pico-sdk/src/rp2_common/pico_runtime_init/runtime_init.c.obj
                0x10001c44                runtime_init_early_resets
 .text.runtime_init_usb_power_down
                0x10001c70       0x1c CMakeFiles/RobotController.dir/C_/VSARM/sdk/pico/pico-sdk/src/rp2_common/pico_runtime_init/runtime_init.c.obj
                0x10001c70                runtime_init_usb_power_down
 .text.runtime_init_post_clock_resets
                0x10001c8c       0x20 CMakeFiles/RobotController.dir/C_/VSARM/sdk/pico/pico-sdk/src/rp2_common/pico_runtime_init/runtime_init.c.obj
                0x10001c8c                runtime_init_post_clock_resets
 .text.runtime_init_rp2040_gpio_ie_disable
                0x10001cac       0x14 CMakeFiles/RobotController.dir/C_/VSARM/sdk/pico/pico-sdk/src/rp2_common/pico_runtime_init/runtime_init.c.obj
                0x10001cac                runtime_init_rp2040_gpio_ie_disable
 .text.runtime_init_spin_locks_reset
                0x10001cc0        0x8 CMakeFiles/RobotController.dir/C_/VSARM/sdk/pico/pico-sdk/src/rp2_common/pico_runtime_init/runtime_init.c.obj
                0x10001cc0                runtime_init_spin_locks_reset
 .text.runtime_init_install_ram_vector_table
                0x10001cc8       0x1c CMakeFiles/RobotController.dir/C_/VSARM/sdk/pico/pico-sdk/src/rp2_common/pico_runtime_init/runtime_init.c.obj
                0x10001cc8                runtime_init_install_ram_vector_table
 .text.runtime_init_clocks
                0x10001ce4       0xd8 CMakeFiles/RobotController.dir/C_/VSARM/sdk/pico/pico-sdk/src/rp2_common/pico_runtime_init/runtime_init_clocks.c.obj
                0x10001ce4                runtime_init_clocks
 .text          0x10001dbc       0x10 CMakeFiles/RobotController.dir/C_/VSARM/sdk/pico/pico-sdk/src/rp2_common/pico_bit_ops/bit_ops_aeabi.S.obj
 .text.rom_func_lookup
                0x10001dcc       0x10 CMakeFiles/RobotController.dir/C_/VSARM/sdk/pico/pico-sdk/src/rp2_common/pico_bootrom/bootrom.c.obj
                0x10001dcc                rom_func_lookup
 .text.rom_data_lookup
                0x10001ddc       0x10 CMakeFiles/RobotController.dir/C_/VSARM/sdk/pico/pico-sdk/src/rp2_common/pico_bootrom/bootrom.c.obj
                0x10001ddc                rom_data_lookup
 .text.rom_funcs_lookup
                0x10001dec       0x44 CMakeFiles/RobotController.dir/C_/VSARM/sdk/pico/pico-sdk/src/rp2_common/pico_bootrom/bootrom.c.obj
                0x10001dec                rom_funcs_lookup
 .text.rom_reset_usb_boot
                0x10001e30       0x20 CMakeFiles/RobotController.dir/C_/VSARM/sdk/pico/pico-sdk/src/rp2_common/pico_bootrom/bootrom.c.obj
                0x10001e30                rom_reset_usb_boot
 .text.__wrap___aeabi_idiv
                0x10001e50       0x50 CMakeFiles/RobotController.dir/C_/VSARM/sdk/pico/pico-sdk/src/rp2_common/pico_divider/divider_hardware.S.obj
                0x10001e50                __wrap___aeabi_idivmod
                0x10001e50                divmod_s32s32
                0x10001e50                div_s32s32
                0x10001e50                __wrap___aeabi_idiv
                0x10001e58                divmod_s32s32_unsafe
                0x10001e84                divmod_s32s32_savestate
 .text.__wrap___aeabi_uidiv
                0x10001ea0       0x4c CMakeFiles/RobotController.dir/C_/VSARM/sdk/pico/pico-sdk/src/rp2_common/pico_divider/divider_hardware.S.obj
                0x10001ea0                __wrap___aeabi_uidiv
                0x10001ea0                __wrap___aeabi_uidivmod
                0x10001ea0                div_u32u32
                0x10001ea0                divmod_u32u32
                0x10001ea8                divmod_u32u32_unsafe
                0x10001ed0                divmod_u32u32_savestate
 .text.__wrap___aeabi_ldiv
                0x10001eec      0x424 CMakeFiles/RobotController.dir/C_/VSARM/sdk/pico/pico-sdk/src/rp2_common/pico_divider/divider_hardware.S.obj
                0x10001eec                div_s64s64
                0x10001eec                divmod_s64s64
                0x10001eec                __wrap___aeabi_ldivmod
                0x10001f1c                divmod_u64u64
                0x10001f1c                div_u64u64
                0x10001f1c                __wrap___aeabi_uldivmod
                0x10001f2c                divmod_u64u64_savestate
                0x10001f4c                divmod_s64s64_unsafe
                0x10001fd4                divmod_u64u64_unsafe
 .text.__wrap___aeabi_darithmetic
                0x10002310       0x80 CMakeFiles/RobotController.dir/C_/VSARM/sdk/pico/pico-sdk/src/rp2_common/pico_double/double_aeabi_rp2040.S.obj
                0x10002310                __wrap___aeabi_drsub
                0x10002316                __wrap___aeabi_dsub
                0x10002328                __wrap___aeabi_dadd
                0x1000233a                __wrap___aeabi_ddiv
                0x10002376                __wrap___aeabi_dmul
 .text.__wrap___aeabi_cdcmple
                0x10002390       0x6c CMakeFiles/RobotController.dir/C_/VSARM/sdk/pico/pico-sdk/src/rp2_common/pico_double/double_aeabi_rp2040.S.obj
                0x10002390                __wrap___aeabi_cdrcmple
                0x100023a0                __wrap___aeabi_cdcmpeq
                0x100023a0                __wrap___aeabi_cdcmple
 .text.__wrap___aeabi_dcmplt
                0x100023fc        0xc CMakeFiles/RobotController.dir/C_/VSARM/sdk/pico/pico-sdk/src/rp2_common/pico_double/double_aeabi_rp2040.S.obj
                0x100023fc                __wrap___aeabi_dcmplt
 .text.__wrap___aeabi_dcmple
                0x10002408       0x10 CMakeFiles/RobotController.dir/C_/VSARM/sdk/pico/pico-sdk/src/rp2_common/pico_double/double_aeabi_rp2040.S.obj
                0x10002408                __wrap___aeabi_dcmple
 .text.__wrap___aeabi_dcmpge
                0x10002418       0x10 CMakeFiles/RobotController.dir/C_/VSARM/sdk/pico/pico-sdk/src/rp2_common/pico_double/double_aeabi_rp2040.S.obj
                0x10002418                __wrap___aeabi_dcmpge
 .text.__wrap___aeabi_dcmpgt
                0x10002428        0xa CMakeFiles/RobotController.dir/C_/VSARM/sdk/pico/pico-sdk/src/rp2_common/pico_double/double_aeabi_rp2040.S.obj
                0x10002428                __wrap___aeabi_dcmpgt
 .text.__wrap___aeabi_dcmpun
                0x10002432       0x18 CMakeFiles/RobotController.dir/C_/VSARM/sdk/pico/pico-sdk/src/rp2_common/pico_double/double_aeabi_rp2040.S.obj
                0x10002432                __wrap___aeabi_dcmpun
 *fill*         0x1000244a        0x2 
 .text.__wrap___aeabi_i2d
                0x1000244c       0x38 CMakeFiles/RobotController.dir/C_/VSARM/sdk/pico/pico-sdk/src/rp2_common/pico_double/double_aeabi_rp2040.S.obj
                0x1000244c                __wrap___aeabi_ui2d
                0x10002454                __wrap___aeabi_i2d
 .text.__wrap___aeabi_d2iz
                0x10002484       0x48 CMakeFiles/RobotController.dir/C_/VSARM/sdk/pico/pico-sdk/src/rp2_common/pico_double/double_aeabi_rp2040.S.obj
                0x10002484                double2int_z
                0x10002484                __wrap___aeabi_d2iz
 .text.__wrap___aeabi_d2uiz
                0x100024cc       0x18 CMakeFiles/RobotController.dir/C_/VSARM/sdk/pico/pico-sdk/src/rp2_common/pico_double/double_aeabi_rp2040.S.obj
                0x100024cc                __wrap___aeabi_d2uiz
                0x100024cc                double2uint
 .text.__aeabi_double_init
                0x100024e4       0xa0 CMakeFiles/RobotController.dir/C_/VSARM/sdk/pico/pico-sdk/src/rp2_common/pico_double/double_init_rom_rp2040.c.obj
                0x100024e4                __aeabi_double_init
 .text.double_table_shim_on_use_helper
                0x10002584       0x2c CMakeFiles/RobotController.dir/C_/VSARM/sdk/pico/pico-sdk/src/rp2_common/pico_double/double_v1_rom_shim_rp2040.S.obj
                0x10002584                double_table_shim_on_use_helper
 .text.__wrap___aeabi_dsub
                0x100025b0       0x10 CMakeFiles/RobotController.dir/C_/VSARM/sdk/pico/pico-sdk/src/rp2_common/pico_double/double_v1_rom_shim_rp2040.S.obj
                0x100025b0                drsub_shim
                0x100025b6                dsub_shim
 .text.dadd_shim
                0x100025c0      0x15c CMakeFiles/RobotController.dir/C_/VSARM/sdk/pico/pico-sdk/src/rp2_common/pico_double/double_v1_rom_shim_rp2040.S.obj
                0x100025c0                dadd_shim
 .text.dmul_shim
                0x1000271c      0x15c CMakeFiles/RobotController.dir/C_/VSARM/sdk/pico/pico-sdk/src/rp2_common/pico_double/double_v1_rom_shim_rp2040.S.obj
                0x1000271c                dmul_shim
 .text.ddiv_shim
                0x10002878      0x1b0 CMakeFiles/RobotController.dir/C_/VSARM/sdk/pico/pico-sdk/src/rp2_common/pico_double/double_v1_rom_shim_rp2040.S.obj
                0x10002878                ddiv_shim
 .text.double2uint_shim
                0x10002a28        0xe CMakeFiles/RobotController.dir/C_/VSARM/sdk/pico/pico-sdk/src/rp2_common/pico_double/double_v1_rom_shim_rp2040.S.obj
                0x10002a28                double2uint_shim
                0x10002a2a                double2ufix_shim
 *fill*         0x10002a36        0x2 
 .text.double2uint64_shim
                0x10002a38       0x70 CMakeFiles/RobotController.dir/C_/VSARM/sdk/pico/pico-sdk/src/rp2_common/pico_double/double_v1_rom_shim_rp2040.S.obj
                0x10002a38                double2uint64_shim
                0x10002a3a                double2ufix64_shim
                0x10002a5a                d2fix_a
 .text.dunpacks
                0x10002aa8       0x3c CMakeFiles/RobotController.dir/C_/VSARM/sdk/pico/pico-sdk/src/rp2_common/pico_double/double_v1_rom_shim_rp2040.S.obj
                0x10002aa8                dunpacks
 .text.__aeabi_lmul
                0x10002ae4       0x32 CMakeFiles/RobotController.dir/C_/VSARM/sdk/pico/pico-sdk/src/rp2_common/pico_int64_ops/pico_int64_ops_aeabi.S.obj
                0x10002ae4                __wrap___aeabi_lmul
 *fill*         0x10002b16        0x2 
 .text.__wrap___aeabi_farithmetic
                0x10002b18       0x48 CMakeFiles/RobotController.dir/C_/VSARM/sdk/pico/pico-sdk/src/rp2_common/pico_float/float_aeabi_rp2040.S.obj
                0x10002b18                __wrap___aeabi_frsub
                0x10002b1e                __wrap___aeabi_fsub
                0x10002b24                __wrap___aeabi_fadd
                0x10002b2a                __wrap___aeabi_fdiv
                0x10002b52                __wrap___aeabi_fmul
 .text.__wrap___aeabi_cfcmple
                0x10002b60       0x50 CMakeFiles/RobotController.dir/C_/VSARM/sdk/pico/pico-sdk/src/rp2_common/pico_float/float_aeabi_rp2040.S.obj
                0x10002b60                __wrap___aeabi_cfrcmple
                0x10002b6c                __wrap___aeabi_cfcmple
                0x10002b6c                __wrap___aeabi_cfcmpeq
 .text.__wrap___aeabi_fcmpgt
                0x10002bb0        0xa CMakeFiles/RobotController.dir/C_/VSARM/sdk/pico/pico-sdk/src/rp2_common/pico_float/float_aeabi_rp2040.S.obj
                0x10002bb0                __wrap___aeabi_fcmpgt
 .text.__wrap___aeabi_ui2f
                0x10002bba        0xa CMakeFiles/RobotController.dir/C_/VSARM/sdk/pico/pico-sdk/src/rp2_common/pico_float/float_aeabi_rp2040.S.obj
                0x10002bba                __wrap___aeabi_ui2f
                0x10002bba                uint2float
 .text.__wrap___aeabi_i2f
                0x10002bc4       0x44 CMakeFiles/RobotController.dir/C_/VSARM/sdk/pico/pico-sdk/src/rp2_common/pico_float/float_aeabi_rp2040.S.obj
                0x10002bc4                __wrap___aeabi_i2f
                0x10002bc4                int2float
 .text.__wrap___aeabi_ul2f
                0x10002c08       0x20 CMakeFiles/RobotController.dir/C_/VSARM/sdk/pico/pico-sdk/src/rp2_common/pico_float/float_aeabi_rp2040.S.obj
                0x10002c0c                uint642float
                0x10002c0c                __wrap___aeabi_ul2f
 .text.__wrap___aeabi_f2d
                0x10002c28       0x14 CMakeFiles/RobotController.dir/C_/VSARM/sdk/pico/pico-sdk/src/rp2_common/pico_float/float_aeabi_rp2040.S.obj
                0x10002c28                __wrap___aeabi_f2d
 .text.__aeabi_float_init
                0x10002c3c       0x64 CMakeFiles/RobotController.dir/C_/VSARM/sdk/pico/pico-sdk/src/rp2_common/pico_float/float_init_rom_rp2040.c.obj
                0x10002c3c                __aeabi_float_init
 .text.float_table_shim_on_use_helper
                0x10002ca0       0x2c CMakeFiles/RobotController.dir/C_/VSARM/sdk/pico/pico-sdk/src/rp2_common/pico_float/float_v1_rom_shim_rp2040.S.obj
                0x10002ca0                float_table_shim_on_use_helper
 .text.642float_shims
                0x10002ccc       0x44 CMakeFiles/RobotController.dir/C_/VSARM/sdk/pico/pico-sdk/src/rp2_common/pico_float/float_v1_rom_shim_rp2040.S.obj
                0x10002ccc                uint642float_shim
                0x10002cce                ufix642float_shim
                0x10002cde                int642float_shim
                0x10002ce0                fix642float_shim
 .text.float2double_shim
                0x10002d10       0x30 CMakeFiles/RobotController.dir/C_/VSARM/sdk/pico/pico-sdk/src/rp2_common/pico_float/float_v1_rom_shim_rp2040.S.obj
                0x10002d10                float2double_shim
 .text          0x10002d40       0x10 CMakeFiles/RobotController.dir/C_/VSARM/sdk/pico/pico-sdk/src/rp2_common/pico_mem_ops/mem_ops_aeabi.S.obj
                0x10002d40                __aeabi_mem_init
 .text.memset   0x10002d50        0xc CMakeFiles/RobotController.dir/C_/VSARM/sdk/pico/pico-sdk/src/rp2_common/pico_mem_ops/mem_ops_aeabi.S.obj
                0x10002d50                __wrap_memset
 .text.memcpy   0x10002d5c        0xc CMakeFiles/RobotController.dir/C_/VSARM/sdk/pico/pico-sdk/src/rp2_common/pico_mem_ops/mem_ops_aeabi.S.obj
                0x10002d5c                __wrap_memcpy
                0x10002d5c                __wrap___aeabi_memcpy
 .text._out_buffer
                0x10002d68        0x8 CMakeFiles/RobotController.dir/C_/VSARM/sdk/pico/pico-sdk/src/rp2_common/pico_printf/printf.c.obj
 .text._out_null
                0x10002d70        0x4 CMakeFiles/RobotController.dir/C_/VSARM/sdk/pico/pico-sdk/src/rp2_common/pico_printf/printf.c.obj
 .text._out_rev
                0x10002d74       0x9c CMakeFiles/RobotController.dir/C_/VSARM/sdk/pico/pico-sdk/src/rp2_common/pico_printf/printf.c.obj
 .text._ntoa_format
                0x10002e10      0x1cc CMakeFiles/RobotController.dir/C_/VSARM/sdk/pico/pico-sdk/src/rp2_common/pico_printf/printf.c.obj
 .text._out_char
                0x10002fdc       0x10 CMakeFiles/RobotController.dir/C_/VSARM/sdk/pico/pico-sdk/src/rp2_common/pico_printf/printf.c.obj
 .text._out_fct
                0x10002fec       0x10 CMakeFiles/RobotController.dir/C_/VSARM/sdk/pico/pico-sdk/src/rp2_common/pico_printf/printf.c.obj
 .text._etoa    0x10002ffc      0x44c CMakeFiles/RobotController.dir/C_/VSARM/sdk/pico/pico-sdk/src/rp2_common/pico_printf/printf.c.obj
 .text._ftoa    0x10003448      0x398 CMakeFiles/RobotController.dir/C_/VSARM/sdk/pico/pico-sdk/src/rp2_common/pico_printf/printf.c.obj
 .text._vsnprintf
                0x100037e0      0xb04 CMakeFiles/RobotController.dir/C_/VSARM/sdk/pico/pico-sdk/src/rp2_common/pico_printf/printf.c.obj
 .text.__wrap_snprintf
                0x100042e4       0x28 CMakeFiles/RobotController.dir/C_/VSARM/sdk/pico/pico-sdk/src/rp2_common/pico_printf/printf.c.obj
                0x100042e4                __wrap_snprintf
 .text.vfctprintf
                0x1000430c       0x20 CMakeFiles/RobotController.dir/C_/VSARM/sdk/pico/pico-sdk/src/rp2_common/pico_printf/printf.c.obj
                0x1000430c                vfctprintf
 .text.weak_raw_vprintf
                0x1000432c       0x30 CMakeFiles/RobotController.dir/C_/VSARM/sdk/pico/pico-sdk/src/rp2_common/pico_printf/printf.c.obj
                0x1000432c                weak_raw_vprintf
 .text._exit    0x1000435c        0x4 CMakeFiles/RobotController.dir/C_/VSARM/sdk/pico/pico-sdk/src/rp2_common/pico_clib_interface/newlib_interface.c.obj
                0x1000435c                _exit
 .text.exit     0x10004360        0x8 CMakeFiles/RobotController.dir/C_/VSARM/sdk/pico/pico-sdk/src/rp2_common/pico_clib_interface/newlib_interface.c.obj
                0x10004360                exit
 .text.runtime_init
                0x10004368       0x2c CMakeFiles/RobotController.dir/C_/VSARM/sdk/pico/pico-sdk/src/rp2_common/pico_clib_interface/newlib_interface.c.obj
                0x10004368                runtime_init
 .text.stdio_out_chars_no_crlf
                0x10004394       0x10 CMakeFiles/RobotController.dir/C_/VSARM/sdk/pico/pico-sdk/src/rp2_common/pico_stdio/stdio.c.obj
 .text.stdio_out_chars_crlf
                0x100043a4       0xb4 CMakeFiles/RobotController.dir/C_/VSARM/sdk/pico/pico-sdk/src/rp2_common/pico_stdio/stdio.c.obj
 .text.stdio_buffered_printer
                0x10004458       0x64 CMakeFiles/RobotController.dir/C_/VSARM/sdk/pico/pico-sdk/src/rp2_common/pico_stdio/stdio.c.obj
 .text.stdio_put_string
                0x100044bc      0x100 CMakeFiles/RobotController.dir/C_/VSARM/sdk/pico/pico-sdk/src/rp2_common/pico_stdio/stdio.c.obj
                0x100044bc                stdio_put_string
 .text.stdio_set_driver_enabled
                0x100045bc       0x30 CMakeFiles/RobotController.dir/C_/VSARM/sdk/pico/pico-sdk/src/rp2_common/pico_stdio/stdio.c.obj
                0x100045bc                stdio_set_driver_enabled
 .text.stdio_init_all
                0x100045ec        0x8 CMakeFiles/RobotController.dir/C_/VSARM/sdk/pico/pico-sdk/src/rp2_common/pico_stdio/stdio.c.obj
                0x100045ec                stdio_init_all
 .text.__wrap_putchar
                0x100045f4       0x98 CMakeFiles/RobotController.dir/C_/VSARM/sdk/pico/pico-sdk/src/rp2_common/pico_stdio/stdio.c.obj
                0x100045f4                __wrap_putchar
                0x100045f4                stdio_putchar
 .text.__wrap_puts
                0x1000468c       0x3c CMakeFiles/RobotController.dir/C_/VSARM/sdk/pico/pico-sdk/src/rp2_common/pico_stdio/stdio.c.obj
                0x1000468c                stdio_puts
                0x1000468c                __wrap_puts
 .text.__wrap_vprintf
                0x100046c8       0xd8 CMakeFiles/RobotController.dir/C_/VSARM/sdk/pico/pico-sdk/src/rp2_common/pico_stdio/stdio.c.obj
                0x100046c8                stdio_vprintf
                0x100046c8                __wrap_vprintf
 .text.__wrap_printf
                0x100047a0       0x18 CMakeFiles/RobotController.dir/C_/VSARM/sdk/pico/pico-sdk/src/rp2_common/pico_stdio/stdio.c.obj
                0x100047a0                __wrap_printf
                0x100047a0                stdio_printf
 .text.resetd_init
                0x100047b8        0x4 CMakeFiles/RobotController.dir/C_/VSARM/sdk/pico/pico-sdk/src/rp2_common/pico_stdio_usb/reset_interface.c.obj
 .text.resetd_reset
                0x100047bc        0xc CMakeFiles/RobotController.dir/C_/VSARM/sdk/pico/pico-sdk/src/rp2_common/pico_stdio_usb/reset_interface.c.obj
 .text.resetd_open
                0x100047c8       0x28 CMakeFiles/RobotController.dir/C_/VSARM/sdk/pico/pico-sdk/src/rp2_common/pico_stdio_usb/reset_interface.c.obj
 .text.resetd_xfer_cb
                0x100047f0        0x4 CMakeFiles/RobotController.dir/C_/VSARM/sdk/pico/pico-sdk/src/rp2_common/pico_stdio_usb/reset_interface.c.obj
 .text.resetd_control_xfer_cb
                0x100047f4       0x54 CMakeFiles/RobotController.dir/C_/VSARM/sdk/pico/pico-sdk/src/rp2_common/pico_stdio_usb/reset_interface.c.obj
 .text.tud_descriptor_bos_cb
                0x10004848        0x8 CMakeFiles/RobotController.dir/C_/VSARM/sdk/pico/pico-sdk/src/rp2_common/pico_stdio_usb/reset_interface.c.obj
                0x10004848                tud_descriptor_bos_cb
 .text.tud_vendor_control_xfer_cb
                0x10004850       0x34 CMakeFiles/RobotController.dir/C_/VSARM/sdk/pico/pico-sdk/src/rp2_common/pico_stdio_usb/reset_interface.c.obj
                0x10004850                tud_vendor_control_xfer_cb
 .text.usbd_app_driver_get_cb
                0x10004884        0xc CMakeFiles/RobotController.dir/C_/VSARM/sdk/pico/pico-sdk/src/rp2_common/pico_stdio_usb/reset_interface.c.obj
                0x10004884                usbd_app_driver_get_cb
 .text.tud_cdc_line_coding_cb
                0x10004890       0x28 CMakeFiles/RobotController.dir/C_/VSARM/sdk/pico/pico-sdk/src/rp2_common/pico_stdio_usb/reset_interface.c.obj
                0x10004890                tud_cdc_line_coding_cb
 .text.stdio_usb_set_chars_available_callback
                0x100048b8       0x14 CMakeFiles/RobotController.dir/C_/VSARM/sdk/pico/pico-sdk/src/rp2_common/pico_stdio_usb/stdio_usb.c.obj
                0x100048b8                stdio_usb_set_chars_available_callback
 .text.usb_irq  0x100048cc       0x10 CMakeFiles/RobotController.dir/C_/VSARM/sdk/pico/pico-sdk/src/rp2_common/pico_stdio_usb/stdio_usb.c.obj
 .text.timer_task
                0x100048dc       0x64 CMakeFiles/RobotController.dir/C_/VSARM/sdk/pico/pico-sdk/src/rp2_common/pico_stdio_usb/stdio_usb.c.obj
 .text.stdio_usb_in_chars
                0x10004940       0x90 CMakeFiles/RobotController.dir/C_/VSARM/sdk/pico/pico-sdk/src/rp2_common/pico_stdio_usb/stdio_usb.c.obj
                0x10004940                stdio_usb_in_chars
 .text.stdio_usb_out_flush
                0x100049d0       0x50 CMakeFiles/RobotController.dir/C_/VSARM/sdk/pico/pico-sdk/src/rp2_common/pico_stdio_usb/stdio_usb.c.obj
 .text.stdio_usb_out_chars
                0x10004a20      0x100 CMakeFiles/RobotController.dir/C_/VSARM/sdk/pico/pico-sdk/src/rp2_common/pico_stdio_usb/stdio_usb.c.obj
 .text.low_priority_worker_irq
                0x10004b20       0xc8 CMakeFiles/RobotController.dir/C_/VSARM/sdk/pico/pico-sdk/src/rp2_common/pico_stdio_usb/stdio_usb.c.obj
 .text.stdio_usb_init
                0x10004be8       0xe4 CMakeFiles/RobotController.dir/C_/VSARM/sdk/pico/pico-sdk/src/rp2_common/pico_stdio_usb/stdio_usb.c.obj
                0x10004be8                stdio_usb_init
 .text.tud_descriptor_device_cb
                0x10004ccc        0x8 CMakeFiles/RobotController.dir/C_/VSARM/sdk/pico/pico-sdk/src/rp2_common/pico_stdio_usb/stdio_usb_descriptors.c.obj
                0x10004ccc                tud_descriptor_device_cb
 .text.tud_descriptor_configuration_cb
                0x10004cd4        0x8 CMakeFiles/RobotController.dir/C_/VSARM/sdk/pico/pico-sdk/src/rp2_common/pico_stdio_usb/stdio_usb_descriptors.c.obj
                0x10004cd4                tud_descriptor_configuration_cb
 .text.tud_descriptor_string_cb
                0x10004cdc       0x74 CMakeFiles/RobotController.dir/C_/VSARM/sdk/pico/pico-sdk/src/rp2_common/pico_stdio_usb/stdio_usb_descriptors.c.obj
                0x10004cdc                tud_descriptor_string_cb
 .text.startup._retrieve_unique_id_on_boot
                0x10004d50       0x10 CMakeFiles/RobotController.dir/C_/VSARM/sdk/pico/pico-sdk/src/rp2_common/pico_unique_id/unique_id.c.obj
 .text.pico_get_unique_board_id_string
                0x10004d60      0x1a8 CMakeFiles/RobotController.dir/C_/VSARM/sdk/pico/pico-sdk/src/rp2_common/pico_unique_id/unique_id.c.obj
                0x10004d60                pico_get_unique_board_id_string
 .text.flash_get_unique_id
                0x10004f08       0x40 CMakeFiles/RobotController.dir/C_/VSARM/sdk/pico/pico-sdk/src/rp2_common/hardware_flash/flash.c.obj
                0x10004f08                flash_get_unique_id
 .text.dcd_init
                0x10004f48       0x8c CMakeFiles/RobotController.dir/C_/VSARM/sdk/pico/pico-sdk/lib/tinyusb/src/portable/raspberrypi/rp2040/dcd_rp2040.c.obj
                0x10004f48                dcd_init
 .text.dcd_int_enable
                0x10004fd4        0xc CMakeFiles/RobotController.dir/C_/VSARM/sdk/pico/pico-sdk/lib/tinyusb/src/portable/raspberrypi/rp2040/dcd_rp2040.c.obj
                0x10004fd4                dcd_int_enable
 .text.dcd_set_address
                0x10004fe0       0x14 CMakeFiles/RobotController.dir/C_/VSARM/sdk/pico/pico-sdk/lib/tinyusb/src/portable/raspberrypi/rp2040/dcd_rp2040.c.obj
                0x10004fe0                dcd_set_address
 .text.dcd_sof_enable
                0x10004ff4       0x1c CMakeFiles/RobotController.dir/C_/VSARM/sdk/pico/pico-sdk/lib/tinyusb/src/portable/raspberrypi/rp2040/dcd_rp2040.c.obj
                0x10004ff4                dcd_sof_enable
 .text.dcd_edpt0_status_complete
                0x10005010       0x1c CMakeFiles/RobotController.dir/C_/VSARM/sdk/pico/pico-sdk/lib/tinyusb/src/portable/raspberrypi/rp2040/dcd_rp2040.c.obj
                0x10005010                dcd_edpt0_status_complete
 .text.dcd_edpt_open
                0x1000502c      0x108 CMakeFiles/RobotController.dir/C_/VSARM/sdk/pico/pico-sdk/lib/tinyusb/src/portable/raspberrypi/rp2040/dcd_rp2040.c.obj
                0x1000502c                dcd_edpt_open
 .text.dcd_edpt_close_all
                0x10005134        0x8 CMakeFiles/RobotController.dir/C_/VSARM/sdk/pico/pico-sdk/lib/tinyusb/src/portable/raspberrypi/rp2040/dcd_rp2040.c.obj
                0x10005134                dcd_edpt_close_all
 .text.dcd_edpt_xfer
                0x1000513c       0x24 CMakeFiles/RobotController.dir/C_/VSARM/sdk/pico/pico-sdk/lib/tinyusb/src/portable/raspberrypi/rp2040/dcd_rp2040.c.obj
                0x1000513c                dcd_edpt_xfer
 .text.dcd_edpt_stall
                0x10005160       0x38 CMakeFiles/RobotController.dir/C_/VSARM/sdk/pico/pico-sdk/lib/tinyusb/src/portable/raspberrypi/rp2040/dcd_rp2040.c.obj
                0x10005160                dcd_edpt_stall
 .text.dcd_edpt_clear_stall
                0x10005198       0x30 CMakeFiles/RobotController.dir/C_/VSARM/sdk/pico/pico-sdk/lib/tinyusb/src/portable/raspberrypi/rp2040/dcd_rp2040.c.obj
                0x10005198                dcd_edpt_clear_stall
 .text.rp2040_usb_init
                0x100051c8       0x40 CMakeFiles/RobotController.dir/C_/VSARM/sdk/pico/pico-sdk/lib/tinyusb/src/portable/raspberrypi/rp2040/rp2040_usb.c.obj
                0x100051c8                rp2040_usb_init
 .text.hw_endpoint_xfer_start
                0x10005208       0x50 CMakeFiles/RobotController.dir/C_/VSARM/sdk/pico/pico-sdk/lib/tinyusb/src/portable/raspberrypi/rp2040/rp2040_usb.c.obj
                0x10005208                hw_endpoint_xfer_start
 .text.tud_event_hook_cb
                0x10005258        0x4 CMakeFiles/RobotController.dir/C_/VSARM/sdk/pico/pico-sdk/lib/tinyusb/src/device/usbd.c.obj
                0x10005258                tud_event_hook_cb
 .text.tud_sof_cb
                0x1000525c        0x4 CMakeFiles/RobotController.dir/C_/VSARM/sdk/pico/pico-sdk/lib/tinyusb/src/device/usbd.c.obj
                0x1000525c                tud_sof_cb
 .text.tud_descriptor_device_qualifier_cb
                0x10005260        0x4 CMakeFiles/RobotController.dir/C_/VSARM/sdk/pico/pico-sdk/lib/tinyusb/src/device/usbd.c.obj
                0x10005260                tud_descriptor_device_qualifier_cb
 .text.tud_descriptor_other_speed_configuration_cb
                0x10005264        0x4 CMakeFiles/RobotController.dir/C_/VSARM/sdk/pico/pico-sdk/lib/tinyusb/src/device/usbd.c.obj
                0x10005264                tud_descriptor_other_speed_configuration_cb
 .text.tud_mount_cb
                0x10005268        0x4 CMakeFiles/RobotController.dir/C_/VSARM/sdk/pico/pico-sdk/lib/tinyusb/src/device/usbd.c.obj
                0x10005268                tud_mount_cb
 .text.tud_umount_cb
                0x1000526c        0x4 CMakeFiles/RobotController.dir/C_/VSARM/sdk/pico/pico-sdk/lib/tinyusb/src/device/usbd.c.obj
                0x1000526c                tud_umount_cb
 .text.tud_suspend_cb
                0x10005270        0x4 CMakeFiles/RobotController.dir/C_/VSARM/sdk/pico/pico-sdk/lib/tinyusb/src/device/usbd.c.obj
                0x10005270                tud_suspend_cb
 .text.tud_resume_cb
                0x10005274        0x4 CMakeFiles/RobotController.dir/C_/VSARM/sdk/pico/pico-sdk/lib/tinyusb/src/device/usbd.c.obj
                0x10005274                tud_resume_cb
 .text.tud_mounted
                0x10005278       0x10 CMakeFiles/RobotController.dir/C_/VSARM/sdk/pico/pico-sdk/lib/tinyusb/src/device/usbd.c.obj
                0x10005278                tud_mounted
 .text.tud_suspended
                0x10005288       0x10 CMakeFiles/RobotController.dir/C_/VSARM/sdk/pico/pico-sdk/lib/tinyusb/src/device/usbd.c.obj
                0x10005288                tud_suspended
 .text.tud_init
                0x10005298       0xe4 CMakeFiles/RobotController.dir/C_/VSARM/sdk/pico/pico-sdk/lib/tinyusb/src/device/usbd.c.obj
                0x10005298                tud_init
 .text.tud_task_ext
                0x1000537c      0x800 CMakeFiles/RobotController.dir/C_/VSARM/sdk/pico/pico-sdk/lib/tinyusb/src/device/usbd.c.obj
                0x1000537c                tud_task_ext
 .text.usbd_open_edpt_pair
                0x10005b7c       0x9c CMakeFiles/RobotController.dir/C_/VSARM/sdk/pico/pico-sdk/lib/tinyusb/src/device/usbd.c.obj
                0x10005b7c                usbd_open_edpt_pair
 .text.usbd_edpt_open
                0x10005c18       0x34 CMakeFiles/RobotController.dir/C_/VSARM/sdk/pico/pico-sdk/lib/tinyusb/src/device/usbd.c.obj
                0x10005c18                usbd_edpt_open
 .text.usbd_edpt_claim
                0x10005c4c       0x28 CMakeFiles/RobotController.dir/C_/VSARM/sdk/pico/pico-sdk/lib/tinyusb/src/device/usbd.c.obj
                0x10005c4c                usbd_edpt_claim
 .text.usbd_edpt_release
                0x10005c74       0x28 CMakeFiles/RobotController.dir/C_/VSARM/sdk/pico/pico-sdk/lib/tinyusb/src/device/usbd.c.obj
                0x10005c74                usbd_edpt_release
 .text.usbd_edpt_xfer
                0x10005c9c       0x4c CMakeFiles/RobotController.dir/C_/VSARM/sdk/pico/pico-sdk/lib/tinyusb/src/device/usbd.c.obj
                0x10005c9c                usbd_edpt_xfer
 .text.tud_control_status
                0x10005ce8       0x30 CMakeFiles/RobotController.dir/C_/VSARM/sdk/pico/pico-sdk/lib/tinyusb/src/device/usbd_control.c.obj
                0x10005ce8                tud_control_status
 .text.tud_control_xfer
                0x10005d18       0xbc CMakeFiles/RobotController.dir/C_/VSARM/sdk/pico/pico-sdk/lib/tinyusb/src/device/usbd_control.c.obj
                0x10005d18                tud_control_xfer
 .text.usbd_control_reset
                0x10005dd4       0x14 CMakeFiles/RobotController.dir/C_/VSARM/sdk/pico/pico-sdk/lib/tinyusb/src/device/usbd_control.c.obj
                0x10005dd4                usbd_control_reset
 .text.usbd_control_set_complete_callback
                0x10005de8        0xc CMakeFiles/RobotController.dir/C_/VSARM/sdk/pico/pico-sdk/lib/tinyusb/src/device/usbd_control.c.obj
                0x10005de8                usbd_control_set_complete_callback
 .text.usbd_control_set_request
                0x10005df4       0x1c CMakeFiles/RobotController.dir/C_/VSARM/sdk/pico/pico-sdk/lib/tinyusb/src/device/usbd_control.c.obj
                0x10005df4                usbd_control_set_request
 .text.usbd_control_xfer_cb
                0x10005e10       0xf0 CMakeFiles/RobotController.dir/C_/VSARM/sdk/pico/pico-sdk/lib/tinyusb/src/device/usbd_control.c.obj
                0x10005e10                usbd_control_xfer_cb
 .text._prep_out_transaction.isra.0
                0x10005f00       0x5c CMakeFiles/RobotController.dir/C_/VSARM/sdk/pico/pico-sdk/lib/tinyusb/src/class/cdc/cdc_device.c.obj
 .text.tud_cdc_n_connected
                0x10005f5c       0x30 CMakeFiles/RobotController.dir/C_/VSARM/sdk/pico/pico-sdk/lib/tinyusb/src/class/cdc/cdc_device.c.obj
                0x10005f5c                tud_cdc_n_connected
 .text.tud_cdc_n_available
                0x10005f8c       0x18 CMakeFiles/RobotController.dir/C_/VSARM/sdk/pico/pico-sdk/lib/tinyusb/src/class/cdc/cdc_device.c.obj
                0x10005f8c                tud_cdc_n_available
 .text.tud_cdc_n_read
                0x10005fa4       0x98 CMakeFiles/RobotController.dir/C_/VSARM/sdk/pico/pico-sdk/lib/tinyusb/src/class/cdc/cdc_device.c.obj
                0x10005fa4                tud_cdc_n_read
 .text.tud_cdc_n_write_flush
                0x1000603c       0x78 CMakeFiles/RobotController.dir/C_/VSARM/sdk/pico/pico-sdk/lib/tinyusb/src/class/cdc/cdc_device.c.obj
                0x1000603c                tud_cdc_n_write_flush
 .text.tud_cdc_n_write
                0x100060b4       0x44 CMakeFiles/RobotController.dir/C_/VSARM/sdk/pico/pico-sdk/lib/tinyusb/src/class/cdc/cdc_device.c.obj
                0x100060b4                tud_cdc_n_write
 .text.tud_cdc_n_write_available
                0x100060f8       0x18 CMakeFiles/RobotController.dir/C_/VSARM/sdk/pico/pico-sdk/lib/tinyusb/src/class/cdc/cdc_device.c.obj
                0x100060f8                tud_cdc_n_write_available
 .text.cdcd_init
                0x10006110       0x7c CMakeFiles/RobotController.dir/C_/VSARM/sdk/pico/pico-sdk/lib/tinyusb/src/class/cdc/cdc_device.c.obj
                0x10006110                cdcd_init
 .text.cdcd_deinit
                0x1000618c       0x24 CMakeFiles/RobotController.dir/C_/VSARM/sdk/pico/pico-sdk/lib/tinyusb/src/class/cdc/cdc_device.c.obj
                0x1000618c                cdcd_deinit
 .text.cdcd_reset
                0x100061b0       0x4c CMakeFiles/RobotController.dir/C_/VSARM/sdk/pico/pico-sdk/lib/tinyusb/src/class/cdc/cdc_device.c.obj
                0x100061b0                cdcd_reset
 .text.cdcd_open
                0x100061fc       0xb4 CMakeFiles/RobotController.dir/C_/VSARM/sdk/pico/pico-sdk/lib/tinyusb/src/class/cdc/cdc_device.c.obj
                0x100061fc                cdcd_open
 .text.cdcd_control_xfer_cb
                0x100062b0       0xe4 CMakeFiles/RobotController.dir/C_/VSARM/sdk/pico/pico-sdk/lib/tinyusb/src/class/cdc/cdc_device.c.obj
                0x100062b0                cdcd_control_xfer_cb
 .text.cdcd_xfer_cb
                0x10006394       0xfc CMakeFiles/RobotController.dir/C_/VSARM/sdk/pico/pico-sdk/lib/tinyusb/src/class/cdc/cdc_device.c.obj
                0x10006394                cdcd_xfer_cb
 .text.tud_vendor_n_write_flush
                0x10006490       0x78 CMakeFiles/RobotController.dir/C_/VSARM/sdk/pico/pico-sdk/lib/tinyusb/src/class/vendor/vendor_device.c.obj
                0x10006490                tud_vendor_n_write_flush
 .text.vendord_init
                0x10006508       0x64 CMakeFiles/RobotController.dir/C_/VSARM/sdk/pico/pico-sdk/lib/tinyusb/src/class/vendor/vendor_device.c.obj
                0x10006508                vendord_init
 .text.vendord_deinit
                0x1000656c       0x24 CMakeFiles/RobotController.dir/C_/VSARM/sdk/pico/pico-sdk/lib/tinyusb/src/class/vendor/vendor_device.c.obj
                0x1000656c                vendord_deinit
 .text.vendord_reset
                0x10006590       0x1c CMakeFiles/RobotController.dir/C_/VSARM/sdk/pico/pico-sdk/lib/tinyusb/src/class/vendor/vendor_device.c.obj
                0x10006590                vendord_reset
 .text.vendord_open
                0x100065ac       0xc8 CMakeFiles/RobotController.dir/C_/VSARM/sdk/pico/pico-sdk/lib/tinyusb/src/class/vendor/vendor_device.c.obj
                0x100065ac                vendord_open
 .text.vendord_xfer_cb
                0x10006674       0xc8 CMakeFiles/RobotController.dir/C_/VSARM/sdk/pico/pico-sdk/lib/tinyusb/src/class/vendor/vendor_device.c.obj
                0x10006674                vendord_xfer_cb
 .text.tusb_init
                0x1000673c        0xc CMakeFiles/RobotController.dir/C_/VSARM/sdk/pico/pico-sdk/lib/tinyusb/src/tusb.c.obj
                0x1000673c                tusb_init
 .text.tu_edpt_claim
                0x10006748       0x50 CMakeFiles/RobotController.dir/C_/VSARM/sdk/pico/pico-sdk/lib/tinyusb/src/tusb.c.obj
                0x10006748                tu_edpt_claim
 .text.tu_edpt_release
                0x10006798       0x38 CMakeFiles/RobotController.dir/C_/VSARM/sdk/pico/pico-sdk/lib/tinyusb/src/tusb.c.obj
                0x10006798                tu_edpt_release
 .text.tu_edpt_validate
                0x100067d0       0x78 CMakeFiles/RobotController.dir/C_/VSARM/sdk/pico/pico-sdk/lib/tinyusb/src/tusb.c.obj
                0x100067d0                tu_edpt_validate
 .text.tu_edpt_bind_driver
                0x10006848       0x34 CMakeFiles/RobotController.dir/C_/VSARM/sdk/pico/pico-sdk/lib/tinyusb/src/tusb.c.obj
                0x10006848                tu_edpt_bind_driver
 .text.tu_fifo_config
                0x1000687c       0x70 CMakeFiles/RobotController.dir/C_/VSARM/sdk/pico/pico-sdk/lib/tinyusb/src/common/tusb_fifo.c.obj
                0x1000687c                tu_fifo_config
 .text.tu_fifo_count
                0x100068ec       0x2c CMakeFiles/RobotController.dir/C_/VSARM/sdk/pico/pico-sdk/lib/tinyusb/src/common/tusb_fifo.c.obj
                0x100068ec                tu_fifo_count
 .text.tu_fifo_empty
                0x10006918       0x10 CMakeFiles/RobotController.dir/C_/VSARM/sdk/pico/pico-sdk/lib/tinyusb/src/common/tusb_fifo.c.obj
                0x10006918                tu_fifo_empty
 .text.tu_fifo_remaining
                0x10006928       0x2c CMakeFiles/RobotController.dir/C_/VSARM/sdk/pico/pico-sdk/lib/tinyusb/src/common/tusb_fifo.c.obj
                0x10006928                tu_fifo_remaining
 .text.tu_fifo_read
                0x10006954       0xa0 CMakeFiles/RobotController.dir/C_/VSARM/sdk/pico/pico-sdk/lib/tinyusb/src/common/tusb_fifo.c.obj
                0x10006954                tu_fifo_read
 .text.tu_fifo_read_n
                0x100069f4       0xec CMakeFiles/RobotController.dir/C_/VSARM/sdk/pico/pico-sdk/lib/tinyusb/src/common/tusb_fifo.c.obj
                0x100069f4                tu_fifo_read_n
 .text.tu_fifo_write
                0x10006ae0       0x88 CMakeFiles/RobotController.dir/C_/VSARM/sdk/pico/pico-sdk/lib/tinyusb/src/common/tusb_fifo.c.obj
                0x10006ae0                tu_fifo_write
 .text.tu_fifo_write_n
                0x10006b68      0x168 CMakeFiles/RobotController.dir/C_/VSARM/sdk/pico/pico-sdk/lib/tinyusb/src/common/tusb_fifo.c.obj
                0x10006b68                tu_fifo_write_n
 .text.tu_fifo_clear
                0x10006cd0       0x40 CMakeFiles/RobotController.dir/C_/VSARM/sdk/pico/pico-sdk/lib/tinyusb/src/common/tusb_fifo.c.obj
                0x10006cd0                tu_fifo_clear
 .text.tu_fifo_set_overwritable
                0x10006d10       0x48 CMakeFiles/RobotController.dir/C_/VSARM/sdk/pico/pico-sdk/lib/tinyusb/src/common/tusb_fifo.c.obj
                0x10006d10                tu_fifo_set_overwritable
 .text.adc_init
                0x10006d58       0x38 CMakeFiles/RobotController.dir/C_/VSARM/sdk/pico/pico-sdk/src/rp2_common/hardware_adc/adc.c.obj
                0x10006d58                adc_init
 .text.i2c_set_baudrate
                0x10006d90       0xc0 CMakeFiles/RobotController.dir/C_/VSARM/sdk/pico/pico-sdk/src/rp2_common/hardware_i2c/i2c.c.obj
                0x10006d90                i2c_set_baudrate
 .text.i2c_init
                0x10006e50       0x54 CMakeFiles/RobotController.dir/C_/VSARM/sdk/pico/pico-sdk/src/rp2_common/hardware_i2c/i2c.c.obj
                0x10006e50                i2c_init
 .text.i2c_write_blocking
                0x10006ea4       0xd0 CMakeFiles/RobotController.dir/C_/VSARM/sdk/pico/pico-sdk/src/rp2_common/hardware_i2c/i2c.c.obj
                0x10006ea4                i2c_write_blocking
 .text.strlen   0x10006f74       0x5c c:/vsarm/armcc/10 2021.10/bin/../lib/gcc/arm-none-eabi/10.3.1/../../../../arm-none-eabi/lib/thumb/v6-m/nofp\libg.a(lib_a-strlen-stub.o)
                0x10006f74                strlen
 *(.fini)
 .fini          0x10006fd0        0x4 c:/vsarm/armcc/10 2021.10/bin/../lib/gcc/arm-none-eabi/10.3.1/thumb/v6-m/nofp/crti.o
                0x10006fd0                _fini
 *fill*         0x10006fd4        0x4 
 .fini.__stub   0x10006fd8       0xd0 linker stubs
 *crtbegin.o(.ctors)
 *crtbegin?.o(.ctors)
 *(EXCLUDE_FILE(*crtend.o *crtend?.o) .ctors)
 *(SORT_BY_NAME(.ctors.*))
 *(.ctors)
 *crtbegin.o(.dtors)
 *crtbegin?.o(.dtors)
 *(EXCLUDE_FILE(*crtend.o *crtend?.o) .dtors)
 *(SORT_BY_NAME(.dtors.*))
 *(.dtors)
                0x100070a8                . = ALIGN (0x4)
                0x100070a8                PROVIDE (__preinit_array_start = .)
 *(SORT_BY_NAME(.preinit_array.*))
 .preinit_array.00100
                0x100070a8        0x4 CMakeFiles/RobotController.dir/C_/VSARM/sdk/pico/pico-sdk/src/rp2_common/pico_runtime_init/runtime_init.c.obj
                0x100070a8                __pre_init_runtime_init_early_resets
 .preinit_array.00101
                0x100070ac        0x4 CMakeFiles/RobotController.dir/C_/VSARM/sdk/pico/pico-sdk/src/rp2_common/pico_runtime_init/runtime_init.c.obj
                0x100070ac                __pre_init_runtime_init_usb_power_down
 .preinit_array.00275
                0x100070b0        0x4 CMakeFiles/RobotController.dir/C_/VSARM/sdk/pico/pico-sdk/src/rp2_common/pico_bit_ops/bit_ops_aeabi.S.obj
 .preinit_array.00300
                0x100070b4        0x4 CMakeFiles/RobotController.dir/C_/VSARM/sdk/pico/pico-sdk/src/rp2_common/pico_mem_ops/mem_ops_aeabi.S.obj
 .preinit_array.00350
                0x100070b8        0x4 CMakeFiles/RobotController.dir/C_/VSARM/sdk/pico/pico-sdk/src/rp2_common/pico_double/double_aeabi_rp2040.S.obj
 .preinit_array.00350
                0x100070bc        0x4 CMakeFiles/RobotController.dir/C_/VSARM/sdk/pico/pico-sdk/src/rp2_common/pico_float/float_aeabi_rp2040.S.obj
 .preinit_array.00500
                0x100070c0        0x4 CMakeFiles/RobotController.dir/C_/VSARM/sdk/pico/pico-sdk/src/rp2_common/pico_runtime_init/runtime_init.c.obj
                0x100070c0                __pre_init_runtime_init_clocks
 .preinit_array.00600
                0x100070c4        0x4 CMakeFiles/RobotController.dir/C_/VSARM/sdk/pico/pico-sdk/src/rp2_common/pico_runtime_init/runtime_init.c.obj
                0x100070c4                __pre_init_runtime_init_post_clock_resets
 .preinit_array.00700
                0x100070c8        0x4 CMakeFiles/RobotController.dir/C_/VSARM/sdk/pico/pico-sdk/src/rp2_common/pico_runtime_init/runtime_init.c.obj
                0x100070c8                __pre_init_runtime_init_rp2040_gpio_ie_disable
 .preinit_array.01000
                0x100070cc        0x4 CMakeFiles/RobotController.dir/C_/VSARM/sdk/pico/pico-sdk/src/rp2_common/pico_runtime_init/runtime_init.c.obj
                0x100070cc                __pre_init_runtime_init_spin_locks_reset
 .preinit_array.01100
                0x100070d0        0x4 CMakeFiles/RobotController.dir/C_/VSARM/sdk/pico/pico-sdk/src/common/pico_sync/mutex.c.obj
                0x100070d0                __pre_init_runtime_init_mutex
 .preinit_array.10080
                0x100070d4        0x4 CMakeFiles/RobotController.dir/C_/VSARM/sdk/pico/pico-sdk/src/rp2_common/pico_runtime_init/runtime_init.c.obj
                0x100070d4                __pre_init_runtime_init_install_ram_vector_table
 .preinit_array.11000
                0x100070d8        0x4 CMakeFiles/RobotController.dir/C_/VSARM/sdk/pico/pico-sdk/src/common/pico_time/time.c.obj
                0x100070d8                __pre_init_runtime_init_default_alarm_pool
 .preinit_array.YYYYY
                0x100070dc        0x4 CMakeFiles/RobotController.dir/C_/VSARM/sdk/pico/pico-sdk/src/rp2_common/pico_runtime/runtime.c.obj
                0x100070dc                __pre_init_first_per_core_initializer
 .preinit_array.ZZZZZ.01200
                0x100070e0        0x4 CMakeFiles/RobotController.dir/C_/VSARM/sdk/pico/pico-sdk/src/rp2_common/hardware_irq/irq.c.obj
                0x100070e0                __pre_init_runtime_init_per_core_irq_priorities
 *(.preinit_array)
                0x100070e4                PROVIDE (__preinit_array_end = .)
                0x100070e4                . = ALIGN (0x4)
                0x100070e4                PROVIDE (__init_array_start = .)
 *(SORT_BY_NAME(.init_array.*))
 *(.init_array)
 .init_array    0x100070e4        0x4 c:/vsarm/armcc/10 2021.10/bin/../lib/gcc/arm-none-eabi/10.3.1/thumb/v6-m/nofp/crtbegin.o
 .init_array    0x100070e8        0x4 CMakeFiles/RobotController.dir/C_/VSARM/sdk/pico/pico-sdk/src/rp2_common/pico_unique_id/unique_id.c.obj
                0x100070ec                PROVIDE (__init_array_end = .)
                0x100070ec                . = ALIGN (0x4)
                [!provide]                PROVIDE (__fini_array_start = .)
 *(SORT_BY_NAME(.fini_array.*))
 *(.fini_array)
                [!provide]                PROVIDE (__fini_array_end = .)
 *(.eh_frame*)
 .eh_frame      0x100070ec        0x0 c:/vsarm/armcc/10 2021.10/bin/../lib/gcc/arm-none-eabi/10.3.1/thumb/v6-m/nofp/crtbegin.o
                0x100070ec                . = ALIGN (0x4)

.glue_7         0x100070ec        0x0
 .glue_7        0x100070ec        0x0 linker stubs

.glue_7t        0x100070ec        0x0
 .glue_7t       0x100070ec        0x0 linker stubs

.vfp11_veneer   0x100070ec        0x0
 .vfp11_veneer  0x100070ec        0x0 linker stubs

.v4_bx          0x100070ec        0x0
 .v4_bx         0x100070ec        0x0 linker stubs

.iplt           0x100070ec        0x0
 .iplt          0x100070ec        0x0 c:/vsarm/armcc/10 2021.10/bin/../lib/gcc/arm-none-eabi/10.3.1/thumb/v6-m/nofp/crtbegin.o

.rodata         0x100070f0      0x6f0
 *(EXCLUDE_FILE(*libm.a: *libc.a:*lib_a-mem*.o *libgcc.a:) .rodata*)
 .rodata.main.str1.4
                0x100070f0       0xaf CMakeFiles/RobotController.dir/main.c.obj
 *fill*         0x1000719f        0x1 
 .rodata.panic.str1.4
                0x100071a0       0x12 CMakeFiles/RobotController.dir/C_/VSARM/sdk/pico/pico-sdk/src/rp2_common/pico_platform_panic/panic.c.obj
 *fill*         0x100071b2        0x2 
 .rodata.spin_lock_claim_unused.str1.4
                0x100071b4       0x1b CMakeFiles/RobotController.dir/C_/VSARM/sdk/pico/pico-sdk/src/rp2_common/hardware_sync/sync.c.obj
 *fill*         0x100071cf        0x1 
 .rodata.user_irq_claim_unused.str1.4
                0x100071d0       0x1b CMakeFiles/RobotController.dir/C_/VSARM/sdk/pico/pico-sdk/src/rp2_common/hardware_irq/irq.c.obj
 *fill*         0x100071eb        0x1 
 .rodata.timer_hardware_alarm_claim.str1.4
                0x100071ec       0x22 CMakeFiles/RobotController.dir/C_/VSARM/sdk/pico/pico-sdk/src/rp2_common/hardware_timer/timer.c.obj
 *fill*         0x1000720e        0x2 
 .rodata.hard_assertion_failure.str1.4
                0x10007210        0xc CMakeFiles/RobotController.dir/C_/VSARM/sdk/pico/pico-sdk/src/rp2_common/pico_runtime/runtime.c.obj
 .rodata.str1.4
                0x1000721c       0x34 CMakeFiles/RobotController.dir/C_/VSARM/sdk/pico/pico-sdk/src/rp2_common/pico_standard_binary_info/standard_binary_info.c.obj
 .rodata.__bi_26
                0x10007250        0xc CMakeFiles/RobotController.dir/C_/VSARM/sdk/pico/pico-sdk/src/rp2_common/pico_standard_binary_info/standard_binary_info.c.obj
 .rodata.__bi_34
                0x1000725c        0xc CMakeFiles/RobotController.dir/C_/VSARM/sdk/pico/pico-sdk/src/rp2_common/pico_standard_binary_info/standard_binary_info.c.obj
 .rodata.__bi_42
                0x10007268        0xc CMakeFiles/RobotController.dir/C_/VSARM/sdk/pico/pico-sdk/src/rp2_common/pico_standard_binary_info/standard_binary_info.c.obj
 .rodata.__bi_48
                0x10007274        0xc CMakeFiles/RobotController.dir/C_/VSARM/sdk/pico/pico-sdk/src/rp2_common/pico_standard_binary_info/standard_binary_info.c.obj
 .rodata.__bi_54
                0x10007280        0xc CMakeFiles/RobotController.dir/C_/VSARM/sdk/pico/pico-sdk/src/rp2_common/pico_standard_binary_info/standard_binary_info.c.obj
 .rodata.__bi_84
                0x1000728c        0xc CMakeFiles/RobotController.dir/C_/VSARM/sdk/pico/pico-sdk/src/rp2_common/pico_standard_binary_info/standard_binary_info.c.obj
 .rodata._ftoa.str1.4
                0x10007298       0x15 CMakeFiles/RobotController.dir/C_/VSARM/sdk/pico/pico-sdk/src/rp2_common/pico_printf/printf.c.obj
 *fill*         0x100072ad        0x3 
 .rodata._vsnprintf
                0x100072b0      0x1e0 CMakeFiles/RobotController.dir/C_/VSARM/sdk/pico/pico-sdk/src/rp2_common/pico_printf/printf.c.obj
 .rodata.pow10.0
                0x10007490       0x50 CMakeFiles/RobotController.dir/C_/VSARM/sdk/pico/pico-sdk/src/rp2_common/pico_printf/printf.c.obj
 .rodata.crlf_str.0
                0x100074e0        0x2 CMakeFiles/RobotController.dir/C_/VSARM/sdk/pico/pico-sdk/src/rp2_common/pico_stdio/stdio.c.obj
 *fill*         0x100074e2        0x2 
 .rodata._resetd_driver
                0x100074e4       0x20 CMakeFiles/RobotController.dir/C_/VSARM/sdk/pico/pico-sdk/src/rp2_common/pico_stdio_usb/reset_interface.c.obj
 .rodata.desc_bos
                0x10007504       0x21 CMakeFiles/RobotController.dir/C_/VSARM/sdk/pico/pico-sdk/src/rp2_common/pico_stdio_usb/reset_interface.c.obj
                0x10007504                desc_bos
 *fill*         0x10007525        0x3 
 .rodata.desc_ms_os_20
                0x10007528       0xa6 CMakeFiles/RobotController.dir/C_/VSARM/sdk/pico/pico-sdk/src/rp2_common/pico_stdio_usb/reset_interface.c.obj
 *fill*         0x100075ce        0x2 
 .rodata.str1.4
                0x100075d0       0x13 CMakeFiles/RobotController.dir/C_/VSARM/sdk/pico/pico-sdk/src/rp2_common/pico_stdio_usb/stdio_usb.c.obj
 *fill*         0x100075e3        0x1 
 .rodata.__bi_197.0
                0x100075e4        0xc CMakeFiles/RobotController.dir/C_/VSARM/sdk/pico/pico-sdk/src/rp2_common/pico_stdio_usb/stdio_usb.c.obj
 .rodata.str1.4
                0x100075f0       0x2a CMakeFiles/RobotController.dir/C_/VSARM/sdk/pico/pico-sdk/src/rp2_common/pico_stdio_usb/stdio_usb_descriptors.c.obj
 *fill*         0x1000761a        0x2 
 .rodata.usbd_desc_cfg
                0x1000761c       0x54 CMakeFiles/RobotController.dir/C_/VSARM/sdk/pico/pico-sdk/src/rp2_common/pico_stdio_usb/stdio_usb_descriptors.c.obj
 .rodata.usbd_desc_device
                0x10007670       0x12 CMakeFiles/RobotController.dir/C_/VSARM/sdk/pico/pico-sdk/src/rp2_common/pico_stdio_usb/stdio_usb_descriptors.c.obj
 *fill*         0x10007682        0x2 
 .rodata.usbd_desc_str
                0x10007684       0x18 CMakeFiles/RobotController.dir/C_/VSARM/sdk/pico/pico-sdk/src/rp2_common/pico_stdio_usb/stdio_usb_descriptors.c.obj
 .rodata.str1.4
                0x1000769c       0x14 CMakeFiles/RobotController.dir/C_/VSARM/sdk/pico/pico-sdk/lib/tinyusb/src/portable/raspberrypi/rp2040/dcd_rp2040.c.obj
 .rodata.str1.4
                0x100076b0       0x48 CMakeFiles/RobotController.dir/C_/VSARM/sdk/pico/pico-sdk/lib/tinyusb/src/portable/raspberrypi/rp2040/rp2040_usb.c.obj
 .rodata.tud_task_ext
                0x100076f8       0x8c CMakeFiles/RobotController.dir/C_/VSARM/sdk/pico/pico-sdk/lib/tinyusb/src/device/usbd.c.obj
 .rodata        0x10007784       0x1c CMakeFiles/RobotController.dir/C_/VSARM/sdk/pico/pico-sdk/lib/tinyusb/src/device/usbd.c.obj
 .rodata._usbd_driver
                0x100077a0       0x40 CMakeFiles/RobotController.dir/C_/VSARM/sdk/pico/pico-sdk/lib/tinyusb/src/device/usbd.c.obj
                0x100077e0                . = ALIGN (0x4)
 *(SORT_BY_ALIGNMENT(SORT_BY_NAME(.flashdata*)))
                0x100077e0                . = ALIGN (0x4)

.ARM.extab
 *(.ARM.extab* .gnu.linkonce.armextab.*)
                0x100077e0                __exidx_start = .

.ARM.exidx
 *(.ARM.exidx* .gnu.linkonce.armexidx.*)
                0x100077e0                __exidx_end = .
                0x100077e0                . = ALIGN (0x4)
                0x100077e0                __binary_info_start = .

.binary_info    0x100077e0       0x1c
 *(.binary_info.keep.*)
 .binary_info.keep.__bi_ptr26
                0x100077e0        0x4 CMakeFiles/RobotController.dir/C_/VSARM/sdk/pico/pico-sdk/src/rp2_common/pico_standard_binary_info/standard_binary_info.c.obj
 .binary_info.keep.__bi_ptr34
                0x100077e4        0x4 CMakeFiles/RobotController.dir/C_/VSARM/sdk/pico/pico-sdk/src/rp2_common/pico_standard_binary_info/standard_binary_info.c.obj
 .binary_info.keep.__bi_ptr42
                0x100077e8        0x4 CMakeFiles/RobotController.dir/C_/VSARM/sdk/pico/pico-sdk/src/rp2_common/pico_standard_binary_info/standard_binary_info.c.obj
 .binary_info.keep.__bi_ptr48
                0x100077ec        0x4 CMakeFiles/RobotController.dir/C_/VSARM/sdk/pico/pico-sdk/src/rp2_common/pico_standard_binary_info/standard_binary_info.c.obj
 .binary_info.keep.__bi_ptr54
                0x100077f0        0x4 CMakeFiles/RobotController.dir/C_/VSARM/sdk/pico/pico-sdk/src/rp2_common/pico_standard_binary_info/standard_binary_info.c.obj
 .binary_info.keep.__bi_ptr84
                0x100077f4        0x4 CMakeFiles/RobotController.dir/C_/VSARM/sdk/pico/pico-sdk/src/rp2_common/pico_standard_binary_info/standard_binary_info.c.obj
 *(.binary_info.*)
 .binary_info.__bi_ptr197
                0x100077f8        0x4 CMakeFiles/RobotController.dir/C_/VSARM/sdk/pico/pico-sdk/src/rp2_common/pico_stdio_usb/stdio_usb.c.obj
                0x100077fc                __binary_info_end = .

.rel.dyn        0x100077fc        0x0
 .rel.iplt      0x100077fc        0x0 c:/vsarm/armcc/10 2021.10/bin/../lib/gcc/arm-none-eabi/10.3.1/thumb/v6-m/nofp/crtbegin.o
                0x100077fc                . = ALIGN (0x4)

.ram_vector_table
                0x20000000       0xc0
 *(.ram_vector_table)
 .ram_vector_table
                0x20000000       0xc0 CMakeFiles/RobotController.dir/C_/VSARM/sdk/pico/pico-sdk/src/rp2_common/pico_runtime_init/runtime_init.c.obj
                0x20000000                ram_vector_table

.uninitialized_data
                0x200000c0        0x0
                0x200000c0                . = ALIGN (0x4)
 *(.uninitialized_data*)

.data           0x200000c0     0x1008 load address 0x100077fc
                0x200000c0                __data_start__ = .
 *(vtable)
 *(.time_critical*)
 .time_critical.mutex_try_enter
                0x200000c0       0x44 CMakeFiles/RobotController.dir/C_/VSARM/sdk/pico/pico-sdk/src/common/pico_sync/mutex.c.obj
                0x200000c0                mutex_try_enter
 .time_critical.mutex_try_enter_block_until
                0x20000104       0x9c CMakeFiles/RobotController.dir/C_/VSARM/sdk/pico/pico-sdk/src/common/pico_sync/mutex.c.obj
                0x20000104                mutex_try_enter_block_until
 .time_critical.mutex_enter_timeout_ms
                0x200001a0       0x90 CMakeFiles/RobotController.dir/C_/VSARM/sdk/pico/pico-sdk/src/common/pico_sync/mutex.c.obj
                0x200001a0                mutex_enter_timeout_ms
 .time_critical.mutex_exit
                0x20000230       0x28 CMakeFiles/RobotController.dir/C_/VSARM/sdk/pico/pico-sdk/src/common/pico_sync/mutex.c.obj
                0x20000230                mutex_exit
 .time_critical.flash_init_boot2_copyout
                0x20000258       0x30 CMakeFiles/RobotController.dir/C_/VSARM/sdk/pico/pico-sdk/src/rp2_common/hardware_flash/flash.c.obj
 .time_critical.flash_enable_xip_via_boot2
                0x20000288       0x10 CMakeFiles/RobotController.dir/C_/VSARM/sdk/pico/pico-sdk/src/rp2_common/hardware_flash/flash.c.obj
 .time_critical.flash_cs_force
                0x20000298       0x38 CMakeFiles/RobotController.dir/C_/VSARM/sdk/pico/pico-sdk/src/rp2_common/hardware_flash/flash.c.obj
 .time_critical.flash_do_cmd
                0x200002d0       0xc4 CMakeFiles/RobotController.dir/C_/VSARM/sdk/pico/pico-sdk/src/rp2_common/hardware_flash/flash.c.obj
                0x200002d0                flash_do_cmd
 .time_critical.reset_non_control_endpoints
                0x20000394       0xbc CMakeFiles/RobotController.dir/C_/VSARM/sdk/pico/pico-sdk/lib/tinyusb/src/portable/raspberrypi/rp2040/dcd_rp2040.c.obj
 .time_critical.hw_handle_buff_status
                0x20000450       0xa8 CMakeFiles/RobotController.dir/C_/VSARM/sdk/pico/pico-sdk/lib/tinyusb/src/portable/raspberrypi/rp2040/dcd_rp2040.c.obj
 .time_critical.dcd_rp2040_irq
                0x200004f8      0x554 CMakeFiles/RobotController.dir/C_/VSARM/sdk/pico/pico-sdk/lib/tinyusb/src/portable/raspberrypi/rp2040/dcd_rp2040.c.obj
 .time_critical.prepare_ep_buffer
                0x20000a4c       0xf4 CMakeFiles/RobotController.dir/C_/VSARM/sdk/pico/pico-sdk/lib/tinyusb/src/portable/raspberrypi/rp2040/rp2040_usb.c.obj
 .time_critical.sync_ep_buffer
                0x20000b40       0xb4 CMakeFiles/RobotController.dir/C_/VSARM/sdk/pico/pico-sdk/lib/tinyusb/src/portable/raspberrypi/rp2040/rp2040_usb.c.obj
 .time_critical._hw_endpoint_xfer_sync
                0x20000bf4       0x28 CMakeFiles/RobotController.dir/C_/VSARM/sdk/pico/pico-sdk/lib/tinyusb/src/portable/raspberrypi/rp2040/rp2040_usb.c.obj
 .time_critical.e15_is_bulkin_ep
                0x20000c1c       0x28 CMakeFiles/RobotController.dir/C_/VSARM/sdk/pico/pico-sdk/lib/tinyusb/src/portable/raspberrypi/rp2040/rp2040_usb.c.obj
 .time_critical.e15_is_critical_frame_period
                0x20000c44       0x34 CMakeFiles/RobotController.dir/C_/VSARM/sdk/pico/pico-sdk/lib/tinyusb/src/portable/raspberrypi/rp2040/rp2040_usb.c.obj
 .time_critical.hw_endpoint_reset_transfer
                0x20000c78        0xc CMakeFiles/RobotController.dir/C_/VSARM/sdk/pico/pico-sdk/lib/tinyusb/src/portable/raspberrypi/rp2040/rp2040_usb.c.obj
                0x20000c78                hw_endpoint_reset_transfer
 .time_critical._hw_endpoint_buffer_control_update32
                0x20000c84       0x50 CMakeFiles/RobotController.dir/C_/VSARM/sdk/pico/pico-sdk/lib/tinyusb/src/portable/raspberrypi/rp2040/rp2040_usb.c.obj
                0x20000c84                _hw_endpoint_buffer_control_update32
 .time_critical.hw_endpoint_start_next_buffer
                0x20000cd4       0x6c CMakeFiles/RobotController.dir/C_/VSARM/sdk/pico/pico-sdk/lib/tinyusb/src/portable/raspberrypi/rp2040/rp2040_usb.c.obj
                0x20000cd4                hw_endpoint_start_next_buffer
 .time_critical.hw_endpoint_xfer_continue
                0x20000d40       0x40 CMakeFiles/RobotController.dir/C_/VSARM/sdk/pico/pico-sdk/lib/tinyusb/src/portable/raspberrypi/rp2040/rp2040_usb.c.obj
                0x20000d40                hw_endpoint_xfer_continue
 .time_critical.tinyusb
                0x20000d80      0x1f0 CMakeFiles/RobotController.dir/C_/VSARM/sdk/pico/pico-sdk/lib/tinyusb/src/device/usbd.c.obj
                0x20000d80                dcd_event_handler
 *(.text*)
 .text          0x20000f70        0x4 c:/vsarm/armcc/10 2021.10/bin/../lib/gcc/arm-none-eabi/10.3.1/thumb/v6-m/nofp\libgcc.a(_dvmd_tls.o)
                0x20000f70                __aeabi_idiv0
                0x20000f70                __aeabi_ldiv0
 *fill*         0x20000f74        0x4 
 .text.__stub   0x20000f78       0x80 linker stubs
                0x20000ff8                . = ALIGN (0x4)
 *(.rodata*)
                0x20000ff8                . = ALIGN (0x4)
 *(.data*)
 .data.striped_spin_lock_num
                0x20000ff8        0x1 CMakeFiles/RobotController.dir/C_/VSARM/sdk/pico/pico-sdk/src/rp2_common/hardware_sync/sync.c.obj
 *fill*         0x20000ff9        0x3 
 .data          0x20000ffc       0x48 CMakeFiles/RobotController.dir/C_/VSARM/sdk/pico/pico-sdk/src/rp2_common/hardware_irq/irq_handler_chain.S.obj
                0x20000ffc                irq_handler_chain_slots
                0x2000102c                irq_handler_chain_first_slot
                0x20001036                irq_handler_chain_remove_tail
 .data.default_alarm_pool
                0x20001044       0x18 CMakeFiles/RobotController.dir/C_/VSARM/sdk/pico/pico-sdk/src/common/pico_time/time.c.obj
 *fill*         0x2000105c        0x4 
 .data.aeabi_bits_funcs
                0x20001060       0x10 CMakeFiles/RobotController.dir/C_/VSARM/sdk/pico/pico-sdk/src/rp2_common/pico_bit_ops/bit_ops_aeabi.S.obj
                0x20001060                aeabi_bits_funcs
                0x20001070                aeabi_bits_funcs_end
 .data.aeabi_mem_funcs
                0x20001070       0x10 CMakeFiles/RobotController.dir/C_/VSARM/sdk/pico/pico-sdk/src/rp2_common/pico_mem_ops/mem_ops_aeabi.S.obj
                0x20001070                aeabi_mem_funcs
                0x20001080                aeabi_mem_funcs_end
 .data.stdio_usb
                0x20001080       0x18 CMakeFiles/RobotController.dir/C_/VSARM/sdk/pico/pico-sdk/src/rp2_common/pico_stdio_usb/stdio_usb.c.obj
                0x20001080                stdio_usb
 .data._usbd_qdef
                0x20001098       0x1c CMakeFiles/RobotController.dir/C_/VSARM/sdk/pico/pico-sdk/lib/tinyusb/src/device/usbd.c.obj
                0x20001098                _usbd_qdef
 .data._usbd_rhport
                0x200010b4        0x1 CMakeFiles/RobotController.dir/C_/VSARM/sdk/pico/pico-sdk/lib/tinyusb/src/device/usbd.c.obj
 *fill*         0x200010b5        0x3 
 .data.i2c0_inst
                0x200010b8        0x8 CMakeFiles/RobotController.dir/C_/VSARM/sdk/pico/pico-sdk/src/rp2_common/hardware_i2c/i2c.c.obj
                0x200010b8                i2c0_inst
                0x200010c0                . = ALIGN (0x4)
 *(.after_data.*)
                0x200010c0                . = ALIGN (0x4)
                0x200010c0                PROVIDE (__mutex_array_start = .)
 *(SORT_BY_NAME(.mutex_array.*))
 *(.mutex_array)
 .mutex_array   0x200010c0        0x8 CMakeFiles/RobotController.dir/C_/VSARM/sdk/pico/pico-sdk/src/rp2_common/pico_stdio/stdio.c.obj
                0x200010c8                PROVIDE (__mutex_array_end = .)
                0x200010c8                . = ALIGN (0x4)
 *(.jcr)
                0x200010c8                . = ALIGN (0x4)

.igot.plt       0x200010c8        0x0 load address 0x10008804
 .igot.plt      0x200010c8        0x0 c:/vsarm/armcc/10 2021.10/bin/../lib/gcc/arm-none-eabi/10.3.1/thumb/v6-m/nofp/crtbegin.o

.tdata          0x200010c8        0x0 load address 0x10008804
                0x200010c8                . = ALIGN (0x4)
 *(.tdata .tdata.* .gnu.linkonce.td.*)
                0x200010c8                __tdata_end = .
                0x200010c8                PROVIDE (__data_end__ = .)
                0x100077fc                __etext = LOADADDR (.data)

.tbss           0x200010c8        0x0 load address 0x10008804
                0x200010c8                . = ALIGN (0x4)
                0x200010c8                __bss_start__ = .
                0x200010c8                __tls_base = .
 *(.tbss .tbss.* .gnu.linkonce.tb.*)
 *(.tcommon)
                0x200010c8                __tls_end = .

.bss            0x200010c8     0x106c load address 0x10008804
                0x200010c8                . = ALIGN (0x4)
                0x200010c8                __tbss_end = .
 *(SORT_BY_ALIGNMENT(SORT_BY_NAME(.bss*)))
 .bss.default_alarm_pool_entries
                0x200010c8      0x180 CMakeFiles/RobotController.dir/C_/VSARM/sdk/pico/pico-sdk/src/common/pico_time/time.c.obj
 .bss.last_avail_time.1
                0x20001248        0x8 CMakeFiles/RobotController.dir/C_/VSARM/sdk/pico/pico-sdk/src/rp2_common/pico_stdio_usb/stdio_usb.c.obj
 .bss.sd_table  0x20001250      0x100 CMakeFiles/RobotController.dir/C_/VSARM/sdk/pico/pico-sdk/src/rp2_common/pico_double/double_init_rom_rp2040.c.obj
                0x20001250                sd_table
 .bss.sf_table  0x20001350      0x100 CMakeFiles/RobotController.dir/C_/VSARM/sdk/pico/pico-sdk/src/rp2_common/pico_float/float_init_rom_rp2040.c.obj
                0x20001350                sf_table
 .bss           0x20001450       0x1c c:/vsarm/armcc/10 2021.10/bin/../lib/gcc/arm-none-eabi/10.3.1/thumb/v6-m/nofp/crtbegin.o
 .bss._app_driver
                0x2000146c        0x4 CMakeFiles/RobotController.dir/C_/VSARM/sdk/pico/pico-sdk/lib/tinyusb/src/device/usbd.c.obj
 .bss._cdcd_fifo_cfg
                0x20001470        0x1 CMakeFiles/RobotController.dir/C_/VSARM/sdk/pico/pico-sdk/lib/tinyusb/src/class/cdc/cdc_device.c.obj
 *fill*         0x20001471        0x3 
 .bss._cdcd_itf
                0x20001474      0x2c8 CMakeFiles/RobotController.dir/C_/VSARM/sdk/pico/pico-sdk/lib/tinyusb/src/class/cdc/cdc_device.c.obj
 .bss._ctrl_xfer
                0x2000173c       0x14 CMakeFiles/RobotController.dir/C_/VSARM/sdk/pico/pico-sdk/lib/tinyusb/src/device/usbd_control.c.obj
 .bss._ubsd_mutexdef
                0x20001750        0x8 CMakeFiles/RobotController.dir/C_/VSARM/sdk/pico/pico-sdk/lib/tinyusb/src/device/usbd.c.obj
 .bss._usbd_ctrl_buf
                0x20001758       0x40 CMakeFiles/RobotController.dir/C_/VSARM/sdk/pico/pico-sdk/lib/tinyusb/src/device/usbd_control.c.obj
 .bss._usbd_dev
                0x20001798       0x54 CMakeFiles/RobotController.dir/C_/VSARM/sdk/pico/pico-sdk/lib/tinyusb/src/device/usbd.c.obj
 .bss._usbd_mutex
                0x200017ec        0x4 CMakeFiles/RobotController.dir/C_/VSARM/sdk/pico/pico-sdk/lib/tinyusb/src/device/usbd.c.obj
 .bss._usbd_q   0x200017f0        0x4 CMakeFiles/RobotController.dir/C_/VSARM/sdk/pico/pico-sdk/lib/tinyusb/src/device/usbd.c.obj
 .bss._usbd_qdef_buf
                0x200017f4       0xc0 CMakeFiles/RobotController.dir/C_/VSARM/sdk/pico/pico-sdk/lib/tinyusb/src/device/usbd.c.obj
                0x200017f4                _usbd_qdef_buf
 .bss._vendord_itf
                0x200018b4      0x2bc CMakeFiles/RobotController.dir/C_/VSARM/sdk/pico/pico-sdk/lib/tinyusb/src/class/vendor/vendor_device.c.obj
 .bss.boot2_copyout
                0x20001b70      0x100 CMakeFiles/RobotController.dir/C_/VSARM/sdk/pico/pico-sdk/src/rp2_common/hardware_flash/flash.c.obj
 .bss.chars_available_callback
                0x20001c70        0x4 CMakeFiles/RobotController.dir/C_/VSARM/sdk/pico/pico-sdk/src/rp2_common/pico_stdio_usb/stdio_usb.c.obj
 .bss.chars_available_param
                0x20001c74        0x4 CMakeFiles/RobotController.dir/C_/VSARM/sdk/pico/pico-sdk/src/rp2_common/pico_stdio_usb/stdio_usb.c.obj
 .bss.claimed   0x20001c78        0x4 CMakeFiles/RobotController.dir/C_/VSARM/sdk/pico/pico-sdk/src/rp2_common/hardware_sync/sync.c.obj
 .bss.claimed   0x20001c7c        0x1 CMakeFiles/RobotController.dir/C_/VSARM/sdk/pico/pico-sdk/src/rp2_common/hardware_timer/timer.c.obj
 *fill*         0x20001c7d        0x3 
 .bss.configured_freq
                0x20001c80       0x28 CMakeFiles/RobotController.dir/C_/VSARM/sdk/pico/pico-sdk/src/rp2_common/hardware_clocks/clocks.c.obj
 .bss.desc_str.0
                0x20001ca8       0x28 CMakeFiles/RobotController.dir/C_/VSARM/sdk/pico/pico-sdk/src/rp2_common/pico_stdio_usb/stdio_usb_descriptors.c.obj
 .bss.drivers   0x20001cd0        0x4 CMakeFiles/RobotController.dir/C_/VSARM/sdk/pico/pico-sdk/src/rp2_common/pico_stdio/stdio.c.obj
 .bss.e15_last_sof
                0x20001cd4        0x4 CMakeFiles/RobotController.dir/C_/VSARM/sdk/pico/pico-sdk/lib/tinyusb/src/portable/raspberrypi/rp2040/rp2040_usb.c.obj
                0x20001cd4                e15_last_sof
 .bss.filter    0x20001cd8        0x4 CMakeFiles/RobotController.dir/C_/VSARM/sdk/pico/pico-sdk/src/rp2_common/pico_stdio/stdio.c.obj
 .bss.hw_endpoints
                0x20001cdc      0x400 CMakeFiles/RobotController.dir/C_/VSARM/sdk/pico/pico-sdk/lib/tinyusb/src/portable/raspberrypi/rp2040/dcd_rp2040.c.obj
 .bss.lazy_vsnprintf
                0x200020dc        0x4 CMakeFiles/RobotController.dir/C_/VSARM/sdk/pico/pico-sdk/src/rp2_common/pico_printf/printf.c.obj
 .bss.load_value
                0x200020e0        0x4 CMakeFiles/RobotController.dir/C_/VSARM/sdk/pico/pico-sdk/src/rp2_common/hardware_watchdog/watchdog.c.obj
 .bss.next_buffer_ptr
                0x200020e4        0x4 CMakeFiles/RobotController.dir/C_/VSARM/sdk/pico/pico-sdk/lib/tinyusb/src/portable/raspberrypi/rp2040/dcd_rp2040.c.obj
 .bss.one_shot_timer_crit_sec
                0x200020e8        0x8 CMakeFiles/RobotController.dir/C_/VSARM/sdk/pico/pico-sdk/src/rp2_common/pico_stdio_usb/stdio_usb.c.obj
 .bss.pools     0x200020f0       0x10 CMakeFiles/RobotController.dir/C_/VSARM/sdk/pico/pico-sdk/src/common/pico_time/time.c.obj
 .bss.retrieved_id
                0x20002100        0x8 CMakeFiles/RobotController.dir/C_/VSARM/sdk/pico/pico-sdk/src/rp2_common/pico_unique_id/unique_id.c.obj
 .bss.sf_clz_func
                0x20002108        0x4 CMakeFiles/RobotController.dir/C_/VSARM/sdk/pico/pico-sdk/src/rp2_common/pico_double/double_init_rom_rp2040.c.obj
                0x20002108                sf_clz_func
 .bss.sleep_notifier
                0x2000210c        0x4 CMakeFiles/RobotController.dir/C_/VSARM/sdk/pico/pico-sdk/src/common/pico_time/time.c.obj
 .bss.stdio_usb_mutex
                0x20002110        0x8 CMakeFiles/RobotController.dir/C_/VSARM/sdk/pico/pico-sdk/src/rp2_common/pico_stdio_usb/stdio_usb.c.obj
 .bss.usbd_serial_str
                0x20002118       0x11 CMakeFiles/RobotController.dir/C_/VSARM/sdk/pico/pico-sdk/src/rp2_common/pico_stdio_usb/stdio_usb_descriptors.c.obj
 .bss._app_driver_count
                0x20002129        0x1 CMakeFiles/RobotController.dir/C_/VSARM/sdk/pico/pico-sdk/lib/tinyusb/src/device/usbd.c.obj
 .bss._sof_enable
                0x2000212a        0x1 CMakeFiles/RobotController.dir/C_/VSARM/sdk/pico/pico-sdk/lib/tinyusb/src/portable/raspberrypi/rp2040/dcd_rp2040.c.obj
 .bss._usbd_queued_setup
                0x2000212b        0x1 CMakeFiles/RobotController.dir/C_/VSARM/sdk/pico/pico-sdk/lib/tinyusb/src/device/usbd.c.obj
 .bss.boot2_copyout_valid
                0x2000212c        0x1 CMakeFiles/RobotController.dir/C_/VSARM/sdk/pico/pico-sdk/src/rp2_common/hardware_flash/flash.c.obj
 .bss.irq_handler_chain_free_slot_head
                0x2000212d        0x1 CMakeFiles/RobotController.dir/C_/VSARM/sdk/pico/pico-sdk/src/rp2_common/hardware_irq/irq.c.obj
 .bss.itf_num   0x2000212e        0x1 CMakeFiles/RobotController.dir/C_/VSARM/sdk/pico/pico-sdk/src/rp2_common/pico_stdio_usb/reset_interface.c.obj
 .bss.low_priority_irq_num
                0x2000212f        0x1 CMakeFiles/RobotController.dir/C_/VSARM/sdk/pico/pico-sdk/src/rp2_common/pico_stdio_usb/stdio_usb.c.obj
 .bss.one_shot_timer_pending
                0x20002130        0x1 CMakeFiles/RobotController.dir/C_/VSARM/sdk/pico/pico-sdk/src/rp2_common/pico_stdio_usb/stdio_usb.c.obj
 .bss.user_irq_claimed
                0x20002131        0x1 CMakeFiles/RobotController.dir/C_/VSARM/sdk/pico/pico-sdk/src/rp2_common/hardware_irq/irq.c.obj
 *(COMMON)
                0x20002134                . = ALIGN (0x4)
 *fill*         0x20002132        0x2 
                0x20002134                __bss_end__ = .

.heap           0x20002134    0x3decc load address 0x10008804
                0x20002134                __end__ = .
                0x20002134                end = __end__
 *(.heap*)
 .heap          0x20002134      0x800 CMakeFiles/RobotController.dir/C_/VSARM/sdk/pico/pico-sdk/src/rp2_common/pico_crt0/crt0.S.obj
                0x20040000                . = (ORIGIN (RAM) + LENGTH (RAM))
 *fill*         0x20002934    0x3d6cc 
                0x20040000                __HeapLimit = .

.scratch_x      0x20040000        0x0 load address 0x10008804
                0x20040000                __scratch_x_start__ = .
 *(.scratch_x.*)
                0x20040000                . = ALIGN (0x4)
                0x20040000                __scratch_x_end__ = .
                0x10008804                __scratch_x_source__ = LOADADDR (.scratch_x)

.scratch_y      0x20041000        0x0 load address 0x10008804
                0x20041000                __scratch_y_start__ = .
 *(.scratch_y.*)
                0x20041000                . = ALIGN (0x4)
                0x20041000                __scratch_y_end__ = .
                0x10008804                __scratch_y_source__ = LOADADDR (.scratch_y)

.stack1_dummy   0x20040000        0x0
 *(.stack1*)

.stack_dummy    0x20041000      0x800
 *(.stack*)
 .stack         0x20041000      0x800 CMakeFiles/RobotController.dir/C_/VSARM/sdk/pico/pico-sdk/src/rp2_common/pico_crt0/crt0.S.obj

.flash_end      0x10008804        0x0
 *(.embedded_end_block*)
                0x10008804                PROVIDE (__flash_binary_end = .)
                0x20040000                __StackLimit = (ORIGIN (RAM) + LENGTH (RAM))
                0x20041000                __StackOneTop = (ORIGIN (SCRATCH_X) + LENGTH (SCRATCH_X))
                0x20042000                __StackTop = (ORIGIN (SCRATCH_Y) + LENGTH (SCRATCH_Y))
                0x20041000                __StackOneBottom = (__StackOneTop - SIZEOF (.stack1_dummy))
                0x20041800                __StackBottom = (__StackTop - SIZEOF (.stack_dummy))
                0x20042000                PROVIDE (__stack = __StackTop)
                [!provide]                PROVIDE (__heap_start = __end__)
                [!provide]                PROVIDE (__heap_end = __HeapLimit)
                [!provide]                PROVIDE (__tls_align = MAX (ALIGNOF (.tdata), ALIGNOF (.tbss)))
                [!provide]                PROVIDE (__tls_size_align = (((__tls_size + __tls_align) - 0x1) & ~ ((__tls_align - 0x1))))
                [!provide]                PROVIDE (__arm32_tls_tcb_offset = MAX (0x8, __tls_align))
                [!provide]                PROVIDE (_end = __end__)
                [!provide]                PROVIDE (__llvm_libc_heap_limit = __HeapLimit)
                0x00000001                ASSERT ((__StackLimit >= __HeapLimit), region RAM overflowed)
                0x00000001                ASSERT (((__binary_info_header_end - __logical_binary_start) <= 0x100), Binary info must be in first 256 bytes of the binary)
LOAD CMakeFiles/RobotController.dir/main.c.obj
LOAD CMakeFiles/RobotController.dir/motor_driver.c.obj
LOAD CMakeFiles/RobotController.dir/ultrasonic_sensor.c.obj
LOAD CMakeFiles/RobotController.dir/ir_sensor.c.obj
LOAD CMakeFiles/RobotController.dir/led_driver.c.obj
LOAD CMakeFiles/RobotController.dir/C_/VSARM/sdk/pico/pico-sdk/src/rp2_common/pico_stdlib/stdlib.c.obj
LOAD CMakeFiles/RobotController.dir/C_/VSARM/sdk/pico/pico-sdk/src/rp2_common/hardware_gpio/gpio.c.obj
LOAD CMakeFiles/RobotController.dir/C_/VSARM/sdk/pico/pico-sdk/src/rp2040/pico_platform/platform.c.obj
LOAD CMakeFiles/RobotController.dir/C_/VSARM/sdk/pico/pico-sdk/src/rp2_common/pico_platform_panic/panic.c.obj
LOAD CMakeFiles/RobotController.dir/C_/VSARM/sdk/pico/pico-sdk/src/common/hardware_claim/claim.c.obj
LOAD CMakeFiles/RobotController.dir/C_/VSARM/sdk/pico/pico-sdk/src/rp2_common/hardware_sync/sync.c.obj
LOAD CMakeFiles/RobotController.dir/C_/VSARM/sdk/pico/pico-sdk/src/rp2_common/hardware_sync_spin_lock/sync_spin_lock.c.obj
LOAD CMakeFiles/RobotController.dir/C_/VSARM/sdk/pico/pico-sdk/src/rp2_common/hardware_irq/irq.c.obj
LOAD CMakeFiles/RobotController.dir/C_/VSARM/sdk/pico/pico-sdk/src/rp2_common/hardware_irq/irq_handler_chain.S.obj
LOAD CMakeFiles/RobotController.dir/C_/VSARM/sdk/pico/pico-sdk/src/common/pico_sync/sem.c.obj
LOAD CMakeFiles/RobotController.dir/C_/VSARM/sdk/pico/pico-sdk/src/common/pico_sync/lock_core.c.obj
LOAD CMakeFiles/RobotController.dir/C_/VSARM/sdk/pico/pico-sdk/src/common/pico_sync/mutex.c.obj
LOAD CMakeFiles/RobotController.dir/C_/VSARM/sdk/pico/pico-sdk/src/common/pico_sync/critical_section.c.obj
LOAD CMakeFiles/RobotController.dir/C_/VSARM/sdk/pico/pico-sdk/src/common/pico_time/time.c.obj
LOAD CMakeFiles/RobotController.dir/C_/VSARM/sdk/pico/pico-sdk/src/common/pico_time/timeout_helper.c.obj
LOAD CMakeFiles/RobotController.dir/C_/VSARM/sdk/pico/pico-sdk/src/rp2_common/hardware_timer/timer.c.obj
LOAD CMakeFiles/RobotController.dir/C_/VSARM/sdk/pico/pico-sdk/src/common/pico_util/datetime.c.obj